Component: ARM Compiler 5.06 update 2 (build 183) Tool: armlink [4d35b7]

==============================================================================

Section Cross References

    main.o(i.CheckFlag) refers to delay.o(i.delay_ms) for delay_ms
    main.o(i.CheckFlag) refers to main.o(.data) for Switch_Flag1
    main.o(i.StartInit) refers to lcd.o(i.LCD_Display) for LCD_Display
    main.o(i.StartInit) refers to at24c02.o(i.AT24C02_ReadOneByte) for AT24C02_ReadOneByte
    main.o(i.StartInit) refers to gpio_init.o(i.SetAD) for SetAD
    main.o(i.StartInit) refers to lcd.o(i.LCD_ShowADNum) for LCD_ShowADNum
    main.o(i.StartInit) refers to lcd.o(i.LCD_ShowSwitch_Flag) for LCD_ShowSwitch_Flag
    main.o(i.StartInit) refers to lcd.o(i.LCD_ShowSqua_Fre) for LCD_ShowSqua_Fre
    main.o(i.StartInit) refers to dac.o(i.TIM4_PWM_Init) for TIM4_PWM_Init
    main.o(i.StartInit) refers to lcd.o(i.LCD_ShowSine_Fre) for LCD_ShowSine_Fre
    main.o(i.StartInit) refers to lcd.o(i.LCD_ShowSine_Amp) for LCD_ShowSine_Amp
    main.o(i.StartInit) refers to delay.o(i.delay_ms) for delay_ms
    main.o(i.StartInit) refers to main.o(.data) for ADNum
    main.o(i.main) refers to delay.o(i.delay_init) for delay_init
    main.o(i.main) refers to gpio_init.o(i.Gpio_Init) for Gpio_Init
    main.o(i.main) refers to dac.o(i.GPIO_Configuration) for GPIO_Configuration
    main.o(i.main) refers to at24c02.o(i.AT24C02_Init) for AT24C02_Init
    main.o(i.main) refers to lcd.o(i.LCD_Init) for LCD_Init
    main.o(i.main) refers to main.o(i.StartInit) for StartInit
    main.o(i.main) refers to main.o(i.CheckFlag) for CheckFlag
    main.o(i.main) refers to dac.o(i.sin_Generation) for sin_Generation
    main.o(i.main) refers to dac.o(i.TIM6_Configuration) for TIM6_Configuration
    main.o(i.main) refers to dac.o(i.DAC_DMA_Configuration) for DAC_DMA_Configuration
    main.o(i.main) refers to delay.o(i.delay_ms) for delay_ms
    main.o(i.main) refers to gpio_init.o(i.SetAD) for SetAD
    main.o(i.main) refers to lcd.o(i.LCD_ShowSwitch_Flag) for LCD_ShowSwitch_Flag
    main.o(i.main) refers to dac.o(i.TIM4_PWM_Init) for TIM4_PWM_Init
    main.o(i.main) refers to main.o(.data) for Switch_Flagt
    system_stm32f4xx.o(i.SystemCoreClockUpdate) refers to system_stm32f4xx.o(.data) for SystemCoreClock
    system_stm32f4xx.o(i.SystemInit) refers to system_stm32f4xx.o(i.SetSysClock) for SetSysClock
    delay.o(i.delay_init) refers to misc.o(i.SysTick_CLKSourceConfig) for SysTick_CLKSourceConfig
    delay.o(i.delay_init) refers to delay.o(.data) for fac_us
    delay.o(i.delay_ms) refers to delay.o(i.delay_xms) for delay_xms
    delay.o(i.delay_us) refers to delay.o(.data) for fac_us
    delay.o(i.delay_xms) refers to delay.o(.data) for fac_ms
    startup_stm32f40_41xxx.o(STACK) refers (Special) to heapauxi.o(.text) for __use_two_region_memory
    startup_stm32f40_41xxx.o(HEAP) refers (Special) to heapauxi.o(.text) for __use_two_region_memory
    startup_stm32f40_41xxx.o(RESET) refers (Special) to heapauxi.o(.text) for __use_two_region_memory
    startup_stm32f40_41xxx.o(RESET) refers to startup_stm32f40_41xxx.o(STACK) for __initial_sp
    startup_stm32f40_41xxx.o(RESET) refers to startup_stm32f40_41xxx.o(.text) for Reset_Handler
    startup_stm32f40_41xxx.o(RESET) refers to stm32f4xx_it.o(i.NMI_Handler) for NMI_Handler
    startup_stm32f40_41xxx.o(RESET) refers to stm32f4xx_it.o(i.HardFault_Handler) for HardFault_Handler
    startup_stm32f40_41xxx.o(RESET) refers to stm32f4xx_it.o(i.MemManage_Handler) for MemManage_Handler
    startup_stm32f40_41xxx.o(RESET) refers to stm32f4xx_it.o(i.BusFault_Handler) for BusFault_Handler
    startup_stm32f40_41xxx.o(RESET) refers to stm32f4xx_it.o(i.UsageFault_Handler) for UsageFault_Handler
    startup_stm32f40_41xxx.o(RESET) refers to stm32f4xx_it.o(i.SVC_Handler) for SVC_Handler
    startup_stm32f40_41xxx.o(RESET) refers to stm32f4xx_it.o(i.DebugMon_Handler) for DebugMon_Handler
    startup_stm32f40_41xxx.o(RESET) refers to stm32f4xx_it.o(i.PendSV_Handler) for PendSV_Handler
    startup_stm32f40_41xxx.o(RESET) refers to stm32f4xx_it.o(i.SysTick_Handler) for SysTick_Handler
    startup_stm32f40_41xxx.o(RESET) refers to gpio_init.o(i.EXTI0_IRQHandler) for EXTI0_IRQHandler
    startup_stm32f40_41xxx.o(RESET) refers to gpio_init.o(i.EXTI1_IRQHandler) for EXTI1_IRQHandler
    startup_stm32f40_41xxx.o(RESET) refers to gpio_init.o(i.EXTI2_IRQHandler) for EXTI2_IRQHandler
    startup_stm32f40_41xxx.o(RESET) refers to gpio_init.o(i.EXTI3_IRQHandler) for EXTI3_IRQHandler
    startup_stm32f40_41xxx.o(RESET) refers to gpio_init.o(i.EXTI4_IRQHandler) for EXTI4_IRQHandler
    startup_stm32f40_41xxx.o(RESET) refers to gpio_init.o(i.EXTI9_5_IRQHandler) for EXTI9_5_IRQHandler
    startup_stm32f40_41xxx.o(.text) refers (Special) to heapauxi.o(.text) for __use_two_region_memory
    startup_stm32f40_41xxx.o(.text) refers to system_stm32f4xx.o(i.SystemInit) for SystemInit
[...]
    sys_command.o(.text) refers (Special) to indicate_semi.o(.text) for __semihosting_library_function
    defsig_rtmem_outer.o(.text) refers to defsig_rtmem_inner.o(.text) for __rt_SIGRTMEM_inner
    defsig_rtmem_outer.o(.text) refers to defsig_exit.o(.text) for __sig_exit
    defsig_rtmem_formal.o(.text) refers to rt_raise.o(.text) for __rt_raise
    rt_raise.o(.text) refers to __raise.o(.text) for __raise
    rt_raise.o(.text) refers to sys_exit.o(.text) for _sys_exit
    defsig_exit.o(.text) refers to sys_exit.o(.text) for _sys_exit
    defsig_rtmem_inner.o(.text) refers to defsig_general.o(.text) for __default_signal_display
    __raise.o(.text) refers to defsig.o(CL$$defsig) for __default_signal_handler
    defsig_general.o(.text) refers to sys_wrch.o(.text) for _ttywrch
    sys_wrch.o(.text) refers (Special) to use_no_semi.o(.text) for __I$use$semihosting
    sys_wrch.o(.text) refers (Special) to indicate_semi.o(.text) for __semihosting_library_function
    defsig.o(CL$$defsig) refers to defsig_rtmem_inner.o(.text) for __rt_SIGRTMEM_inner
    defsig_abrt_inner.o(.text) refers to defsig_general.o(.text) for __default_signal_display
    defsig_fpe_inner.o(.text) refers to defsig_general.o(.text) for __default_signal_display
    defsig_rtred_inner.o(.text) refers to defsig_general.o(.text) for __default_signal_display
    defsig_stak_inner.o(.text) refers to defsig_general.o(.text) for __default_signal_display
    defsig_pvfn_inner.o(.text) refers to defsig_general.o(.text) for __default_signal_display
    defsig_cppl_inner.o(.text) refers to defsig_general.o(.text) for __default_signal_display
    defsig_segv_inner.o(.text) refers to defsig_general.o(.text) for __default_signal_display
    defsig_other.o(.text) refers to defsig_general.o(.text) for __default_signal_display


==============================================================================

Removing Unused input sections from the image.

    Removing main.o(.rev16_text), (4 bytes).
    Removing main.o(.revsh_text), (4 bytes).
    Removing stm32f4xx_it.o(.rev16_text), (4 bytes).
    Removing stm32f4xx_it.o(.revsh_text), (4 bytes).
    Removing system_stm32f4xx.o(.rev16_text), (4 bytes).
    Removing system_stm32f4xx.o(.revsh_text), (4 bytes).
    Removing system_stm32f4xx.o(i.SystemCoreClockUpdate), (192 bytes).
    Removing system_stm32f4xx.o(.data), (20 bytes).
    Removing delay.o(.rev16_text), (4 bytes).
    Removing delay.o(.revsh_text), (4 bytes).
    Removing sys.o(.rev16_text), (4 bytes).
    Removing sys.o(.revsh_text), (4 bytes).
    Removing sys.o(.emb_text), (16 bytes).
    Removing misc.o(.rev16_text), (4 bytes).
    Removing misc.o(.revsh_text), (4 bytes).
    Removing misc.o(i.NVIC_PriorityGroupConfig), (20 bytes).
    Removing misc.o(i.NVIC_SetVectorTable), (20 bytes).
    Removing misc.o(i.NVIC_SystemLPConfig), (32 bytes).
    Removing stm32f4xx_gpio.o(.rev16_text), (4 bytes).
    Removing stm32f4xx_gpio.o(.revsh_text), (4 bytes).
    Removing stm32f4xx_gpio.o(i.GPIO_DeInit), (312 bytes).
    Removing stm32f4xx_gpio.o(i.GPIO_PinLockConfig), (34 bytes).
    Removing stm32f4xx_gpio.o(i.GPIO_ReadInputData), (8 bytes).
    Removing stm32f4xx_gpio.o(i.GPIO_ReadInputDataBit), (18 bytes).
    Removing stm32f4xx_gpio.o(i.GPIO_ReadOutputData), (8 bytes).
    Removing stm32f4xx_gpio.o(i.GPIO_ReadOutputDataBit), (18 bytes).
    Removing stm32f4xx_gpio.o(i.GPIO_StructInit), (18 bytes).
    Removing stm32f4xx_gpio.o(i.GPIO_ToggleBits), (8 bytes).
    Removing stm32f4xx_gpio.o(i.GPIO_Write), (4 bytes).
    Removing stm32f4xx_gpio.o(i.GPIO_WriteBit), (10 bytes).
    Removing stm32f4xx_rcc.o(.rev16_text), (4 bytes).
    Removing stm32f4xx_rcc.o(.revsh_text), (4 bytes).
    Removing stm32f4xx_rcc.o(i.RCC_AHB1PeriphClockLPModeCmd), (32 bytes).
    Removing stm32f4xx_rcc.o(i.RCC_AHB1PeriphResetCmd), (32 bytes).
    Removing stm32f4xx_rcc.o(i.RCC_AHB2PeriphClockCmd), (32 bytes).
    Removing stm32f4xx_rcc.o(i.RCC_AHB2PeriphClockLPModeCmd), (32 bytes).
    Removing stm32f4xx_rcc.o(i.RCC_AHB2PeriphResetCmd), (32 bytes).
    Removing stm32f4xx_rcc.o(i.RCC_AHB3PeriphClockCmd), (32 bytes).
    Removing stm32f4xx_rcc.o(i.RCC_AHB3PeriphClockLPModeCmd), (32 bytes).
    Removing stm32f4xx_rcc.o(i.RCC_AHB3PeriphResetCmd), (32 bytes).
    Removing stm32f4xx_rcc.o(i.RCC_APB1PeriphClockLPModeCmd), (32 bytes).
    Removing stm32f4xx_rcc.o(i.RCC_APB1PeriphResetCmd), (32 bytes).
    Removing stm32f4xx_rcc.o(i.RCC_APB2PeriphClockLPModeCmd), (32 bytes).
    Removing stm32f4xx_rcc.o(i.RCC_APB2PeriphResetCmd), (32 bytes).
    Removing stm32f4xx_rcc.o(i.RCC_AdjustHSICalibrationValue), (24 bytes).
    Removing stm32f4xx_rcc.o(i.RCC_BackupResetCmd), (12 bytes).
    Removing stm32f4xx_rcc.o(i.RCC_ClearFlag), (20 bytes).
    Removing stm32f4xx_rcc.o(i.RCC_ClearITPendingBit), (12 bytes).
    Removing stm32f4xx_rcc.o(i.RCC_ClockSecuritySystemCmd), (12 bytes).
    Removing stm32f4xx_rcc.o(i.RCC_DeInit), (100 bytes).
    Removing stm32f4xx_rcc.o(i.RCC_GetClocksFreq), (232 bytes).
    Removing stm32f4xx_rcc.o(i.RCC_GetFlagStatus), (64 bytes).
    Removing stm32f4xx_rcc.o(i.RCC_GetITStatus), (24 bytes).
    Removing stm32f4xx_rcc.o(i.RCC_GetSYSCLKSource), (16 bytes).
    Removing stm32f4xx_rcc.o(i.RCC_HCLKConfig), (24 bytes).
    Removing stm32f4xx_rcc.o(i.RCC_HSEConfig), (16 bytes).
    Removing stm32f4xx_rcc.o(i.RCC_HSICmd), (12 bytes).
    Removing stm32f4xx_rcc.o(i.RCC_I2SCLKConfig), (12 bytes).
    Removing stm32f4xx_rcc.o(i.RCC_ITConfig), (32 bytes).
    Removing stm32f4xx_rcc.o(i.RCC_LSEConfig), (44 bytes).
    Removing stm32f4xx_rcc.o(i.RCC_LSEModeConfig), (36 bytes).
    Removing stm32f4xx_rcc.o(i.RCC_LSICmd), (12 bytes).
    Removing stm32f4xx_rcc.o(i.RCC_LTDCCLKDivConfig), (24 bytes).
    Removing stm32f4xx_rcc.o(i.RCC_MCO1Config), (28 bytes).
    Removing stm32f4xx_rcc.o(i.RCC_MCO2Config), (28 bytes).
    Removing stm32f4xx_rcc.o(i.RCC_PCLK1Config), (24 bytes).
    Removing stm32f4xx_rcc.o(i.RCC_PCLK2Config), (24 bytes).
    Removing stm32f4xx_rcc.o(i.RCC_PLLCmd), (12 bytes).
    Removing stm32f4xx_rcc.o(i.RCC_PLLConfig), (36 bytes).
    Removing stm32f4xx_rcc.o(i.RCC_PLLI2SCmd), (12 bytes).
    Removing stm32f4xx_rcc.o(i.RCC_PLLI2SConfig), (16 bytes).
    Removing stm32f4xx_rcc.o(i.RCC_PLLSAICmd), (12 bytes).
    Removing stm32f4xx_rcc.o(i.RCC_PLLSAIConfig), (24 bytes).
    Removing stm32f4xx_rcc.o(i.RCC_RTCCLKCmd), (12 bytes).
    Removing stm32f4xx_rcc.o(i.RCC_RTCCLKConfig), (60 bytes).
    Removing stm32f4xx_rcc.o(i.RCC_SAIBlockACLKConfig), (24 bytes).
    Removing stm32f4xx_rcc.o(i.RCC_SAIBlockBCLKConfig), (24 bytes).
    Removing stm32f4xx_rcc.o(i.RCC_SAIPLLI2SClkDivConfig), (28 bytes).
    Removing stm32f4xx_rcc.o(i.RCC_SAIPLLSAIClkDivConfig), (28 bytes).
    Removing stm32f4xx_rcc.o(i.RCC_SYSCLKConfig), (24 bytes).
    Removing stm32f4xx_rcc.o(i.RCC_TIMCLKPresConfig), (12 bytes).
    Removing stm32f4xx_rcc.o(i.RCC_WaitForHSEStartUp), (56 bytes).
    Removing stm32f4xx_rcc.o(.data), (16 bytes).
    Removing stm32f4xx_syscfg.o(.rev16_text), (4 bytes).
    Removing stm32f4xx_syscfg.o(.revsh_text), (4 bytes).
    Removing stm32f4xx_syscfg.o(i.SYSCFG_CompensationCellCmd), (12 bytes).
    Removing stm32f4xx_syscfg.o(i.SYSCFG_DeInit), (22 bytes).
    Removing stm32f4xx_syscfg.o(i.SYSCFG_ETH_MediaInterfaceConfig), (12 bytes).
    Removing stm32f4xx_syscfg.o(i.SYSCFG_GetCompensationCellStatus), (24 bytes).
    Removing stm32f4xx_syscfg.o(i.SYSCFG_MemoryRemapConfig), (12 bytes).
    Removing stm32f4xx_syscfg.o(i.SYSCFG_MemorySwappingBank), (12 bytes).
    Removing stm32f4xx_exti.o(.rev16_text), (4 bytes).
    Removing stm32f4xx_exti.o(.revsh_text), (4 bytes).
    Removing stm32f4xx_exti.o(i.EXTI_ClearFlag), (12 bytes).
    Removing stm32f4xx_exti.o(i.EXTI_DeInit), (36 bytes).
    Removing stm32f4xx_exti.o(i.EXTI_GenerateSWInterrupt), (16 bytes).
    Removing stm32f4xx_exti.o(i.EXTI_GetFlagStatus), (24 bytes).
    Removing stm32f4xx_exti.o(i.EXTI_StructInit), (16 bytes).
    Removing stm32f4xx_dac.o(.rev16_text), (4 bytes).
    Removing stm32f4xx_dac.o(.revsh_text), (4 bytes).
    Removing stm32f4xx_dac.o(i.DAC_ClearFlag), (16 bytes).
    Removing stm32f4xx_dac.o(i.DAC_ClearITPendingBit), (16 bytes).
    Removing stm32f4xx_dac.o(i.DAC_DeInit), (22 bytes).
    Removing stm32f4xx_dac.o(i.DAC_DualSoftwareTriggerCmd), (36 bytes).
    Removing stm32f4xx_dac.o(i.DAC_GetDataOutputValue), (36 bytes).
    Removing stm32f4xx_dac.o(i.DAC_GetFlagStatus), (32 bytes).
    Removing stm32f4xx_dac.o(i.DAC_GetITStatus), (48 bytes).
    Removing stm32f4xx_dac.o(i.DAC_ITConfig), (40 bytes).
    Removing stm32f4xx_dac.o(i.DAC_SetChannel1Data), (32 bytes).
    Removing stm32f4xx_dac.o(i.DAC_SetChannel2Data), (32 bytes).
    Removing stm32f4xx_dac.o(i.DAC_SetDualChannelData), (36 bytes).
    Removing stm32f4xx_dac.o(i.DAC_SoftwareTriggerCmd), (44 bytes).
    Removing stm32f4xx_dac.o(i.DAC_StructInit), (12 bytes).
    Removing stm32f4xx_dac.o(i.DAC_WaveGenerationCmd), (40 bytes).
    Removing stm32f4xx_dma.o(.rev16_text), (4 bytes).
    Removing stm32f4xx_dma.o(.revsh_text), (4 bytes).
    Removing stm32f4xx_dma.o(i.DMA_ClearFlag), (52 bytes).
    Removing stm32f4xx_dma.o(i.DMA_ClearITPendingBit), (52 bytes).
    Removing stm32f4xx_dma.o(i.DMA_DoubleBufferModeCmd), (22 bytes).
    Removing stm32f4xx_dma.o(i.DMA_DoubleBufferModeConfig), (24 bytes).
    Removing stm32f4xx_dma.o(i.DMA_FlowControllerConfig), (22 bytes).
    Removing stm32f4xx_dma.o(i.DMA_GetCmdStatus), (20 bytes).
    Removing stm32f4xx_dma.o(i.DMA_GetCurrDataCounter), (8 bytes).
    Removing stm32f4xx_dma.o(i.DMA_GetCurrentMemoryTarget), (20 bytes).
    Removing stm32f4xx_dma.o(i.DMA_GetFIFOStatus), (12 bytes).
    Removing stm32f4xx_dma.o(i.DMA_GetFlagStatus), (68 bytes).
    Removing stm32f4xx_dma.o(i.DMA_GetITStatus), (100 bytes).
    Removing stm32f4xx_dma.o(i.DMA_ITConfig), (58 bytes).
    Removing stm32f4xx_dma.o(i.DMA_MemoryTargetConfig), (10 bytes).
    Removing stm32f4xx_dma.o(i.DMA_PeriphIncOffsetSizeConfig), (22 bytes).
    Removing stm32f4xx_dma.o(i.DMA_SetCurrDataCounter), (4 bytes).
    Removing stm32f4xx_dma.o(i.DMA_StructInit), (34 bytes).
    Removing stm32f4xx_tim.o(.rev16_text), (4 bytes).
    Removing stm32f4xx_tim.o(.revsh_text), (4 bytes).
    Removing stm32f4xx_tim.o(i.TI1_Config), (58 bytes).
    Removing stm32f4xx_tim.o(i.TI2_Config), (80 bytes).
    Removing stm32f4xx_tim.o(i.TI3_Config), (72 bytes).
    Removing stm32f4xx_tim.o(i.TI4_Config), (80 bytes).
    Removing stm32f4xx_tim.o(i.TIM_BDTRConfig), (32 bytes).
    Removing stm32f4xx_tim.o(i.TIM_BDTRStructInit), (18 bytes).
    Removing stm32f4xx_tim.o(i.TIM_CCPreloadControl), (24 bytes).
    Removing stm32f4xx_tim.o(i.TIM_CCxCmd), (30 bytes).
    Removing stm32f4xx_tim.o(i.TIM_CCxNCmd), (30 bytes).
    Removing stm32f4xx_tim.o(i.TIM_ClearFlag), (6 bytes).
    Removing stm32f4xx_tim.o(i.TIM_ClearITPendingBit), (6 bytes).
    Removing stm32f4xx_tim.o(i.TIM_ClearOC1Ref), (18 bytes).
    Removing stm32f4xx_tim.o(i.TIM_ClearOC2Ref), (24 bytes).
    Removing stm32f4xx_tim.o(i.TIM_ClearOC3Ref), (18 bytes).
    Removing stm32f4xx_tim.o(i.TIM_ClearOC4Ref), (24 bytes).
    Removing stm32f4xx_tim.o(i.TIM_CounterModeConfig), (18 bytes).
    Removing stm32f4xx_tim.o(i.TIM_CtrlPWMOutputs), (30 bytes).
    Removing stm32f4xx_tim.o(i.TIM_DMACmd), (18 bytes).
    Removing stm32f4xx_tim.o(i.TIM_DMAConfig), (10 bytes).
    Removing stm32f4xx_tim.o(i.TIM_DeInit), (400 bytes).
    Removing stm32f4xx_tim.o(i.TIM_ETRClockMode1Config), (54 bytes).
    Removing stm32f4xx_tim.o(i.TIM_ETRClockMode2Config), (32 bytes).
    Removing stm32f4xx_tim.o(i.TIM_ETRConfig), (28 bytes).
    Removing stm32f4xx_tim.o(i.TIM_EncoderInterfaceConfig), (66 bytes).
    Removing stm32f4xx_tim.o(i.TIM_ForcedOC1Config), (18 bytes).
    Removing stm32f4xx_tim.o(i.TIM_ForcedOC2Config), (26 bytes).
    Removing stm32f4xx_tim.o(i.TIM_ForcedOC3Config), (18 bytes).
    Removing stm32f4xx_tim.o(i.TIM_ForcedOC4Config), (26 bytes).
    Removing stm32f4xx_tim.o(i.TIM_GenerateEvent), (4 bytes).
    Removing stm32f4xx_tim.o(i.TIM_GetCapture1), (6 bytes).
    Removing stm32f4xx_tim.o(i.TIM_GetCapture2), (6 bytes).
    Removing stm32f4xx_tim.o(i.TIM_GetCapture3), (6 bytes).
    Removing stm32f4xx_tim.o(i.TIM_GetCapture4), (6 bytes).
    Removing stm32f4xx_tim.o(i.TIM_GetCounter), (6 bytes).
    Removing stm32f4xx_tim.o(i.TIM_GetFlagStatus), (18 bytes).
    Removing stm32f4xx_tim.o(i.TIM_GetITStatus), (34 bytes).
    Removing stm32f4xx_tim.o(i.TIM_GetPrescaler), (6 bytes).
    Removing stm32f4xx_tim.o(i.TIM_ICInit), (110 bytes).
    Removing stm32f4xx_tim.o(i.TIM_ICStructInit), (18 bytes).
    Removing stm32f4xx_tim.o(i.TIM_ITConfig), (18 bytes).
    Removing stm32f4xx_tim.o(i.TIM_ITRxExternalClockConfig), (24 bytes).
    Removing stm32f4xx_tim.o(i.TIM_InternalClockConfig), (12 bytes).
    Removing stm32f4xx_tim.o(i.TIM_OC1FastConfig), (18 bytes).
    Removing stm32f4xx_tim.o(i.TIM_OC1Init), (124 bytes).
    Removing stm32f4xx_tim.o(i.TIM_OC1NPolarityConfig), (18 bytes).
    Removing stm32f4xx_tim.o(i.TIM_OC1PolarityConfig), (18 bytes).
    Removing stm32f4xx_tim.o(i.TIM_OC1PreloadConfig), (18 bytes).
    Removing stm32f4xx_tim.o(i.TIM_OC2FastConfig), (26 bytes).
    Removing stm32f4xx_tim.o(i.TIM_OC2Init), (164 bytes).
    Removing stm32f4xx_tim.o(i.TIM_OC2NPolarityConfig), (26 bytes).
    Removing stm32f4xx_tim.o(i.TIM_OC2PolarityConfig), (26 bytes).
    Removing stm32f4xx_tim.o(i.TIM_OC2PreloadConfig), (26 bytes).
    Removing stm32f4xx_tim.o(i.TIM_OC3FastConfig), (18 bytes).
    Removing stm32f4xx_tim.o(i.TIM_OC3NPolarityConfig), (26 bytes).
    Removing stm32f4xx_tim.o(i.TIM_OC3PolarityConfig), (26 bytes).
    Removing stm32f4xx_tim.o(i.TIM_OC4FastConfig), (26 bytes).
    Removing stm32f4xx_tim.o(i.TIM_OC4Init), (120 bytes).
    Removing stm32f4xx_tim.o(i.TIM_OC4PolarityConfig), (26 bytes).
    Removing stm32f4xx_tim.o(i.TIM_OC4PreloadConfig), (26 bytes).
    Removing stm32f4xx_tim.o(i.TIM_OCStructInit), (20 bytes).
    Removing stm32f4xx_tim.o(i.TIM_PWMIConfig), (124 bytes).
    Removing stm32f4xx_tim.o(i.TIM_RemapConfig), (6 bytes).
    Removing stm32f4xx_tim.o(i.TIM_SelectCCDMA), (24 bytes).
    Removing stm32f4xx_tim.o(i.TIM_SelectCOM), (24 bytes).
    Removing stm32f4xx_tim.o(i.TIM_SelectHallSensor), (24 bytes).
    Removing stm32f4xx_tim.o(i.TIM_SelectInputTrigger), (18 bytes).
    Removing stm32f4xx_tim.o(i.TIM_SelectMasterSlaveMode), (18 bytes).
    Removing stm32f4xx_tim.o(i.TIM_SelectOCxM), (86 bytes).
    Removing stm32f4xx_tim.o(i.TIM_SelectOnePulseMode), (18 bytes).
    Removing stm32f4xx_tim.o(i.TIM_SelectSlaveMode), (18 bytes).
    Removing stm32f4xx_tim.o(i.TIM_SetClockDivision), (18 bytes).
    Removing stm32f4xx_tim.o(i.TIM_SetCompare1), (4 bytes).
    Removing stm32f4xx_tim.o(i.TIM_SetCompare2), (4 bytes).
    Removing stm32f4xx_tim.o(i.TIM_SetCompare4), (4 bytes).
    Removing stm32f4xx_tim.o(i.TIM_SetCounter), (4 bytes).
    Removing stm32f4xx_tim.o(i.TIM_SetIC1Prescaler), (18 bytes).
    Removing stm32f4xx_tim.o(i.TIM_SetIC2Prescaler), (26 bytes).
    Removing stm32f4xx_tim.o(i.TIM_SetIC3Prescaler), (18 bytes).
    Removing stm32f4xx_tim.o(i.TIM_SetIC4Prescaler), (26 bytes).
    Removing stm32f4xx_tim.o(i.TIM_TIxExternalClockConfig), (62 bytes).
    Removing stm32f4xx_tim.o(i.TIM_TimeBaseStructInit), (18 bytes).
    Removing stm32f4xx_tim.o(i.TIM_UpdateDisableConfig), (24 bytes).
    Removing stm32f4xx_tim.o(i.TIM_UpdateRequestConfig), (24 bytes).
    Removing at24c02.o(.rev16_text), (4 bytes).
    Removing at24c02.o(.revsh_text), (4 bytes).
    Removing at24c02.o(i.AT24C02_Read), (34 bytes).
    Removing at24c02.o(i.AT24C02_Write), (36 bytes).
    Removing at24c02.o(i.SetDeviceInformation), (40 bytes).
    Removing lcd.o(.rev16_text), (4 bytes).
    Removing lcd.o(.revsh_text), (4 bytes).
    Removing lcd.o(i.LCD_CLS), (56 bytes).
    Removing lcd.o(i.LCD_P6x8Str), (68 bytes).
    Removing lcd.o(i.LCD_ShowNum), (200 bytes).
    Removing lcd.o(i.LCD_Show_M), (280 bytes).
    Removing lcd.o(i.adjust), (12 bytes).
    Removing gpio_init.o(.rev16_text), (4 bytes).
    Removing gpio_init.o(.revsh_text), (4 bytes).
    Removing dac.o(.rev16_text), (4 bytes).
    Removing dac.o(.revsh_text), (4 bytes).
    Removing dac.o(i.Sine_Set), (52 bytes).

234 unused section(s) (total 7332 bytes) removed from the image.

==============================================================================

Image Symbol Table

    Local Symbols

    Symbol Name                              Value     Ov Type        Size  Object(Section)

    ../clib/angel/boardlib.s                 0x00000000   Number         0  boardinit1.o ABSOLUTE
    ../clib/angel/boardlib.s                 0x00000000   Number         0  boardinit3.o ABSOLUTE
    ../clib/angel/boardlib.s                 0x00000000   Number         0  boardshut.o ABSOLUTE
    ../clib/angel/boardlib.s                 0x00000000   Number         0  boardinit2.o ABSOLUTE
    ../clib/angel/handlers.s                 0x00000000   Number         0  __scatter_copy.o ABSOLUTE
    ../clib/angel/handlers.s                 0x00000000   Number         0  __scatter_zi.o ABSOLUTE
    ../clib/angel/kernel.s                   0x00000000   Number         0  rtexit.o ABSOLUTE
    ../clib/angel/kernel.s                   0x00000000   Number         0  rtexit2.o ABSOLUTE
    ../clib/angel/kernel.s                   0x00000000   Number         0  __rtentry2.o ABSOLUTE
    ../clib/angel/kernel.s                   0x00000000   Number         0  __rtentry4.o ABSOLUTE
    ../clib/angel/kernel.s                   0x00000000   Number         0  __rtentry.o ABSOLUTE
    ../clib/angel/rt.s                       0x00000000   Number         0  rt_raise.o ABSOLUTE
    ../clib/angel/scatter.s                  0x00000000   Number         0  __scatter.o ABSOLUTE
    ../clib/angel/startup.s                  0x00000000   Number         0  __main.o ABSOLUTE
    ../clib/angel/sys.s                      0x00000000   Number         0  sys_stackheap_outer.o ABSOLUTE
    ../clib/angel/sys.s                      0x00000000   Number         0  libspace.o ABSOLUTE
    ../clib/angel/sys.s                      0x00000000   Number         0  indicate_semi.o ABSOLUTE
    ../clib/angel/sys.s                      0x00000000   Number         0  use_no_semi.o ABSOLUTE
    ../clib/angel/sysapp.c                   0x00000000   Number         0  sys_command.o ABSOLUTE
    ../clib/angel/sysapp.c                   0x00000000   Number         0  sys_exit.o ABSOLUTE
    ../clib/angel/sysapp.c                   0x00000000   Number         0  sys_wrch.o ABSOLUTE
    ../clib/armsys.c                         0x00000000   Number         0  no_argv.o ABSOLUTE
    ../clib/armsys.c                         0x00000000   Number         0  _get_argv_nomalloc.o ABSOLUTE
    ../clib/armsys.c                         0x00000000   Number         0  argv_veneer.o ABSOLUTE
    ../clib/armsys.c                         0x00000000   Number         0  argv_veneer.o ABSOLUTE
    ../clib/heapalloc.c                      0x00000000   Number         0  hrguard.o ABSOLUTE
    ../clib/heapaux.c                        0x00000000   Number         0  heapauxi.o ABSOLUTE
    ../clib/libinit.s                        0x00000000   Number         0  libshutdown2.o ABSOLUTE
    ../clib/libinit.s                        0x00000000   Number         0  libinit2.o ABSOLUTE
    ../clib/libinit.s                        0x00000000   Number         0  libinit.o ABSOLUTE
    ../clib/libinit.s                        0x00000000   Number         0  libshutdown.o ABSOLUTE
    ../clib/signal.c                         0x00000000   Number         0  defsig_other.o ABSOLUTE
    ../clib/signal.c                         0x00000000   Number         0  defsig_rtmem_formal.o ABSOLUTE
    ../clib/signal.c                         0x00000000   Number         0  defsig_rtmem_outer.o ABSOLUTE
    ../clib/signal.c                         0x00000000   Number         0  defsig_abrt_inner.o ABSOLUTE
    ../clib/signal.c                         0x00000000   Number         0  defsig_segv_inner.o ABSOLUTE
    ../clib/signal.c                         0x00000000   Number         0  defsig_pvfn_inner.o ABSOLUTE
    ../clib/signal.c                         0x00000000   Number         0  defsig_stak_inner.o ABSOLUTE
    ../clib/signal.c                         0x00000000   Number         0  defsig_rtred_inner.o ABSOLUTE
    ../clib/signal.c                         0x00000000   Number         0  defsig_fpe_inner.o ABSOLUTE
    ../clib/signal.c                         0x00000000   Number         0  defsig_cppl_inner.o ABSOLUTE
    ../clib/signal.c                         0x00000000   Number         0  defsig_general.o ABSOLUTE
    ../clib/signal.c                         0x00000000   Number         0  __raise.o ABSOLUTE
    ../clib/signal.c                         0x00000000   Number         0  defsig_rtmem_inner.o ABSOLUTE
    ../clib/signal.c                         0x00000000   Number         0  defsig_exit.o ABSOLUTE
    ../clib/signal.s                         0x00000000   Number         0  defsig.o ABSOLUTE
    ../clib/stdlib.c                         0x00000000   Number         0  exit.o ABSOLUTE
    ../fplib/fpinit.s                        0x00000000   Number         0  fpinit.o ABSOLUTE
    CORE\startup_stm32f40_41xxx.s            0x00000000   Number         0  startup_stm32f40_41xxx.o ABSOLUTE
    FWLIB\\src\\misc.c                       0x00000000   Number         0  misc.o ABSOLUTE
    FWLIB\\src\\stm32f4xx_dac.c              0x00000000   Number         0  stm32f4xx_dac.o ABSOLUTE
    FWLIB\\src\\stm32f4xx_dma.c              0x00000000   Number         0  stm32f4xx_dma.o ABSOLUTE
    FWLIB\\src\\stm32f4xx_exti.c             0x00000000   Number         0  stm32f4xx_exti.o ABSOLUTE
    FWLIB\\src\\stm32f4xx_gpio.c             0x00000000   Number         0  stm32f4xx_gpio.o ABSOLUTE
    FWLIB\\src\\stm32f4xx_rcc.c              0x00000000   Number         0  stm32f4xx_rcc.o ABSOLUTE
    FWLIB\\src\\stm32f4xx_syscfg.c           0x00000000   Number         0  stm32f4xx_syscfg.o ABSOLUTE
    FWLIB\\src\\stm32f4xx_tim.c              0x00000000   Number         0  stm32f4xx_tim.o ABSOLUTE
    FWLIB\src\misc.c                         0x00000000   Number         0  misc.o ABSOLUTE
    FWLIB\src\stm32f4xx_dac.c                0x00000000   Number         0  stm32f4xx_dac.o ABSOLUTE
    FWLIB\src\stm32f4xx_dma.c                0x00000000   Number         0  stm32f4xx_dma.o ABSOLUTE
    FWLIB\src\stm32f4xx_exti.c               0x00000000   Number         0  stm32f4xx_exti.o ABSOLUTE
    FWLIB\src\stm32f4xx_gpio.c               0x00000000   Number         0  stm32f4xx_gpio.o ABSOLUTE
    FWLIB\src\stm32f4xx_rcc.c                0x00000000   Number         0  stm32f4xx_rcc.o ABSOLUTE
    FWLIB\src\stm32f4xx_syscfg.c             0x00000000   Number         0  stm32f4xx_syscfg.o ABSOLUTE
    FWLIB\src\stm32f4xx_tim.c                0x00000000   Number         0  stm32f4xx_tim.o ABSOLUTE
    HARDWARE\AT24C02\AT24C02.c               0x00000000   Number         0  at24c02.o ABSOLUTE
    HARDWARE\DAC\DAC.c                       0x00000000   Number         0  dac.o ABSOLUTE
    HARDWARE\GPIO_Init\GPIO_Init.c           0x00000000   Number         0  gpio_init.o ABSOLUTE
    HARDWARE\LCD\LCD.c                       0x00000000   Number         0  lcd.o ABSOLUTE
    HARDWARE\\AT24C02\\AT24C02.c             0x00000000   Number         0  at24c02.o ABSOLUTE
    HARDWARE\\DAC\\DAC.c                     0x00000000   Number         0  dac.o ABSOLUTE
    HARDWARE\\GPIO_Init\\GPIO_Init.c         0x00000000   Number         0  gpio_init.o ABSOLUTE
    HARDWARE\\LCD\\LCD.c                     0x00000000   Number         0  lcd.o ABSOLUTE
    SYSTEM\\delay\\delay.c                   0x00000000   Number         0  delay.o ABSOLUTE
    SYSTEM\\sys\\sys.c                       0x00000000   Number         0  sys.o ABSOLUTE
    SYSTEM\delay\delay.c                     0x00000000   Number         0  delay.o ABSOLUTE
    SYSTEM\sys\sys.c                         0x00000000   Number         0  sys.o ABSOLUTE
    USER\\main.c                             0x00000000   Number         0  main.o ABSOLUTE
    USER\\stm32f4xx_it.c                     0x00000000   Number         0  stm32f4xx_it.o ABSOLUTE
    USER\\system_stm32f4xx.c                 0x00000000   Number         0  system_stm32f4xx.o ABSOLUTE
    USER\main.c                              0x00000000   Number         0  main.o ABSOLUTE
    USER\stm32f4xx_it.c                      0x00000000   Number         0  stm32f4xx_it.o ABSOLUTE
    USER\system_stm32f4xx.c                  0x00000000   Number         0  system_stm32f4xx.o ABSOLUTE
    dc.s                                     0x00000000   Number         0  dc.o ABSOLUTE
    RESET                                    0x08000000   Section      392  startup_stm32f40_41xxx.o(RESET)
    !!!main                                  0x08000188   Section        8  __main.o(!!!main)
    !!!scatter                               0x08000190   Section       52  __scatter.o(!!!scatter)
    !!handler_copy                           0x080001c4   Section       26  __scatter_copy.o(!!handler_copy)
    !!handler_zi                             0x080001e0   Section       28  __scatter_zi.o(!!handler_zi)
    .ARM.Collect$$libinit$$00000000          0x080001fc   Section        2  libinit.o(.ARM.Collect$$libinit$$00000000)
    .ARM.Collect$$libinit$$00000001          0x080001fe   Section        4  libinit2.o(.ARM.Collect$$libinit$$00000001)
    .ARM.Collect$$libinit$$00000004          0x08000202   Section        0  libinit2.o(.ARM.Collect$$libinit$$00000004)
    .ARM.Collect$$libinit$$0000000A          0x08000202   Section        0  libinit2.o(.ARM.Collect$$libinit$$0000000A)
    .ARM.Collect$$libinit$$0000000C          0x08000202   Section        0  libinit2.o(.ARM.Collect$$libinit$$0000000C)
    .ARM.Collect$$libinit$$0000000E          0x08000202   Section        0  libinit2.o(.ARM.Collect$$libinit$$0000000E)
    .ARM.Collect$$libinit$$00000011          0x08000202   Section        0  libinit2.o(.ARM.Collect$$libinit$$00000011)
    .ARM.Collect$$libinit$$00000013          0x08000202   Section        0  libinit2.o(.ARM.Collect$$libinit$$00000013)
    .ARM.Collect$$libinit$$00000015          0x08000202   Section        0  libinit2.o(.ARM.Collect$$libinit$$00000015)
    .ARM.Collect$$libinit$$00000017          0x08000202   Section        0  libinit2.o(.ARM.Collect$$libinit$$00000017)
    .ARM.Collect$$libinit$$00000019          0x08000202   Section        0  libinit2.o(.ARM.Collect$$libinit$$00000019)
    .ARM.Collect$$libinit$$0000001B          0x08000202   Section        0  libinit2.o(.ARM.Collect$$libinit$$0000001B)
    .ARM.Collect$$libinit$$0000001D          0x08000202   Section        0  libinit2.o(.ARM.Collect$$libinit$$0000001D)
    .ARM.Collect$$libinit$$0000001F          0x08000202   Section        0  libinit2.o(.ARM.Collect$$libinit$$0000001F)
    .ARM.Collect$$libinit$$00000021          0x08000202   Section        0  libinit2.o(.ARM.Collect$$libinit$$00000021)
    .ARM.Collect$$libinit$$00000023          0x08000202   Section        0  libinit2.o(.ARM.Collect$$libinit$$00000023)
    .ARM.Collect$$libinit$$00000025          0x08000202   Section        0  libinit2.o(.ARM.Collect$$libinit$$00000025)
    .ARM.Collect$$libinit$$0000002C          0x08000202   Section        0  libinit2.o(.ARM.Collect$$libinit$$0000002C)
    .ARM.Collect$$libinit$$0000002E          0x08000202   Section        0  libinit2.o(.ARM.Collect$$libinit$$0000002E)
    .ARM.Collect$$libinit$$00000030          0x08000202   Section        0  libinit2.o(.ARM.Collect$$libinit$$00000030)
    .ARM.Collect$$libinit$$00000032          0x08000202   Section        0  libinit2.o(.ARM.Collect$$libinit$$00000032)
    .ARM.Collect$$libinit$$00000033          0x08000202   Section        2  libinit2.o(.ARM.Collect$$libinit$$00000033)
    .ARM.Collect$$libshutdown$$00000000      0x08000204   Section        2  libshutdown.o(.ARM.Collect$$libshutdown$$00000000)
    .ARM.Collect$$libshutdown$$00000002      0x08000206   Section        0  libshutdown2.o(.ARM.Collect$$libshutdown$$00000002)
    .ARM.Collect$$libshutdown$$00000004      0x08000206   Section        0  libshutdown2.o(.ARM.Collect$$libshutdown$$00000004)
    .ARM.Collect$$libshutdown$$00000007      0x08000206   Section        0  libshutdown2.o(.ARM.Collect$$libshutdown$$00000007)
    .ARM.Collect$$libshutdown$$0000000A      0x08000206   Section        0  libshutdown2.o(.ARM.Collect$$libshutdown$$0000000A)
    .ARM.Collect$$libshutdown$$0000000C      0x08000206   Section        0  libshutdown2.o(.ARM.Collect$$libshutdown$$0000000C)
    .ARM.Collect$$libshutdown$$0000000F      0x08000206   Section        0  libshutdown2.o(.ARM.Collect$$libshutdown$$0000000F)
    .ARM.Collect$$libshutdown$$00000010      0x08000206   Section        2  libshutdown2.o(.ARM.Collect$$libshutdown$$00000010)
    .ARM.Collect$$rtentry$$00000000          0x08000208   Section        0  __rtentry.o(.ARM.Collect$$rtentry$$00000000)
    .ARM.Collect$$rtentry$$00000002          0x08000208   Section        0  __rtentry2.o(.ARM.Collect$$rtentry$$00000002)
    .ARM.Collect$$rtentry$$00000004          0x08000208   Section        6  __rtentry4.o(.ARM.Collect$$rtentry$$00000004)
    .ARM.Collect$$rtentry$$00000009          0x0800020e   Section        0  __rtentry2.o(.ARM.Collect$$rtentry$$00000009)
    .ARM.Collect$$rtentry$$0000000A          0x0800020e   Section        4  __rtentry2.o(.ARM.Collect$$rtentry$$0000000A)
    .ARM.Collect$$rtentry$$0000000C          0x08000212   Section        0  __rtentry2.o(.ARM.Collect$$rtentry$$0000000C)
    .ARM.Collect$$rtentry$$0000000D          0x08000212   Section        8  __rtentry2.o(.ARM.Collect$$rtentry$$0000000D)
    .ARM.Collect$$rtexit$$00000000           0x0800021a   Section        2  rtexit.o(.ARM.Collect$$rtexit$$00000000)
    .ARM.Collect$$rtexit$$00000002           0x0800021c   Section        0  rtexit2.o(.ARM.Collect$$rtexit$$00000002)
    .ARM.Collect$$rtexit$$00000003           0x0800021c   Section        4  rtexit2.o(.ARM.Collect$$rtexit$$00000003)
    .ARM.Collect$$rtexit$$00000004           0x08000220   Section        6  rtexit2.o(.ARM.Collect$$rtexit$$00000004)
    .text                                    0x08000228   Section       64  startup_stm32f40_41xxx.o(.text)
    $v0                                      0x08000228   Number         0  startup_stm32f40_41xxx.o(.text)
    .text                                    0x08000268   Section        0  heapauxi.o(.text)
    .text                                    0x0800026e   Section       74  sys_stackheap_outer.o(.text)
    .text                                    0x080002b8   Section        0  exit.o(.text)
    .text                                    0x080002cc   Section        8  libspace.o(.text)
    .text                                    0x080002d4   Section        0  sys_exit.o(.text)
    .text                                    0x080002e0   Section        2  use_no_semi.o(.text)
    .text                                    0x080002e2   Section        0  indicate_semi.o(.text)
    i.AT24C02_GPIO_Init                      0x080002e4   Section        0  at24c02.o(i.AT24C02_GPIO_Init)
    i.AT24C02_IIC_Ack                        0x08000330   Section        0  at24c02.o(i.AT24C02_IIC_Ack)
    i.AT24C02_IIC_NAck                       0x08000388   Section        0  at24c02.o(i.AT24C02_IIC_NAck)
    i.AT24C02_IIC_Start                      0x080003d4   Section        0  at24c02.o(i.AT24C02_IIC_Start)
    i.AT24C02_IIC_Stop                       0x0800042c   Section        0  at24c02.o(i.AT24C02_IIC_Stop)
    i.AT24C02_IIC_Wait_Ack                   0x08000484   Section        0  at24c02.o(i.AT24C02_IIC_Wait_Ack)
    i.AT24C02_Init                           0x080004f0   Section        0  at24c02.o(i.AT24C02_Init)
    i.AT24C02_ReadOneByte                    0x080004f8   Section        0  at24c02.o(i.AT24C02_ReadOneByte)
    i.AT24C02_Read_Byte                      0x08000534   Section        0  at24c02.o(i.AT24C02_Read_Byte)
    i.AT24C02_Send_Byte                      0x080005a4   Section        0  at24c02.o(i.AT24C02_Send_Byte)
    i.AT24C02_WriteOneByte                   0x08000618   Section        0  at24c02.o(i.AT24C02_WriteOneByte)
    i.BusFault_Handler                       0x08000658   Section        0  stm32f4xx_it.o(i.BusFault_Handler)
    i.CheckFlag                              0x0800065c   Section        0  main.o(i.CheckFlag)
    i.DAC_Cmd                                0x080006bc   Section        0  stm32f4xx_dac.o(i.DAC_Cmd)
    i.DAC_DMACmd                             0x080006e4   Section        0  stm32f4xx_dac.o(i.DAC_DMACmd)
    i.DAC_DMA_Configuration                  0x08000710   Section        0  dac.o(i.DAC_DMA_Configuration)
    i.DAC_Init                               0x080007b4   Section        0  stm32f4xx_dac.o(i.DAC_Init)
    i.DMA_Cmd                                0x080007e8   Section        0  stm32f4xx_dma.o(i.DMA_Cmd)
    i.DMA_DeInit                             0x08000800   Section        0  stm32f4xx_dma.o(i.DMA_DeInit)
    i.DMA_Init                               0x08000958   Section        0  stm32f4xx_dma.o(i.DMA_Init)
    i.DebugMon_Handler                       0x080009b0   Section        0  stm32f4xx_it.o(i.DebugMon_Handler)
    i.Delays                                 0x080009b2   Section        0  gpio_init.o(i.Delays)
    i.EXTI0_IRQHandler                       0x080009cc   Section        0  gpio_init.o(i.EXTI0_IRQHandler)
    i.EXTI1_IRQHandler                       0x08000a24   Section        0  gpio_init.o(i.EXTI1_IRQHandler)
    i.EXTI2_IRQHandler                       0x08000a7c   Section        0  gpio_init.o(i.EXTI2_IRQHandler)
    i.EXTI3_IRQHandler                       0x08000aec   Section        0  gpio_init.o(i.EXTI3_IRQHandler)
    i.EXTI4_IRQHandler                       0x08000b84   Section        0  gpio_init.o(i.EXTI4_IRQHandler)
    i.EXTI9_5_IRQHandler                     0x08000c1c   Section        0  gpio_init.o(i.EXTI9_5_IRQHandler)
    i.EXTI_ClearITPendingBit                 0x08000cb4   Section        0  stm32f4xx_exti.o(i.EXTI_ClearITPendingBit)
    i.EXTI_GetITStatus                       0x08000cc0   Section        0  stm32f4xx_exti.o(i.EXTI_GetITStatus)
    i.EXTI_Init                              0x08000cd8   Section        0  stm32f4xx_exti.o(i.EXTI_Init)
    i.GPIO_Configuration                     0x08000d6c   Section        0  dac.o(i.GPIO_Configuration)
    i.GPIO_Init                              0x08000d94   Section        0  stm32f4xx_gpio.o(i.GPIO_Init)
    i.GPIO_PinAFConfig                       0x08000e24   Section        0  stm32f4xx_gpio.o(i.GPIO_PinAFConfig)
    i.GPIO_ResetBits                         0x08000e6a   Section        0  stm32f4xx_gpio.o(i.GPIO_ResetBits)
    i.GPIO_SetBits                           0x08000e6e   Section        0  stm32f4xx_gpio.o(i.GPIO_SetBits)
    i.Gpio_Init                              0x08000e74   Section        0  gpio_init.o(i.Gpio_Init)
    i.HardFault_Handler                      0x0800116c   Section        0  stm32f4xx_it.o(i.HardFault_Handler)
    i.LCD_Display                            0x08001170   Section        0  lcd.o(i.LCD_Display)
    i.LCD_Fill                               0x080013d4   Section        0  lcd.o(i.LCD_Fill)
    i.LCD_Init                               0x08001410   Section        0  lcd.o(i.LCD_Init)
    i.LCD_Set_Pos                            0x08001514   Section        0  lcd.o(i.LCD_Set_Pos)
    i.LCD_ShowADNum                          0x0800153c   Section        0  lcd.o(i.LCD_ShowADNum)
    i.LCD_ShowSine_Amp                       0x08001678   Section        0  lcd.o(i.LCD_ShowSine_Amp)
    i.LCD_ShowSine_Fre                       0x0800175c   Section        0  lcd.o(i.LCD_ShowSine_Fre)
    i.LCD_ShowSqua_Fre                       0x08001840   Section        0  lcd.o(i.LCD_ShowSqua_Fre)
    i.LCD_ShowSwitch_Flag                    0x08001980   Section        0  lcd.o(i.LCD_ShowSwitch_Flag)
    i.LCD_WrCmd                              0x080019fc   Section        0  lcd.o(i.LCD_WrCmd)
    i.LCD_WrDat                              0x08001a80   Section        0  lcd.o(i.LCD_WrDat)
    i.MemManage_Handler                      0x08001b04   Section        0  stm32f4xx_it.o(i.MemManage_Handler)
    i.NMI_Handler                            0x08001b08   Section        0  stm32f4xx_it.o(i.NMI_Handler)
    i.NVIC_Init                              0x08001b0c   Section        0  misc.o(i.NVIC_Init)
    i.PendSV_Handler                         0x08001b84   Section        0  stm32f4xx_it.o(i.PendSV_Handler)
    i.RCC_AHB1PeriphClockCmd                 0x08001b88   Section        0  stm32f4xx_rcc.o(i.RCC_AHB1PeriphClockCmd)
    i.RCC_APB1PeriphClockCmd                 0x08001ba8   Section        0  stm32f4xx_rcc.o(i.RCC_APB1PeriphClockCmd)
    i.RCC_APB2PeriphClockCmd                 0x08001bc8   Section        0  stm32f4xx_rcc.o(i.RCC_APB2PeriphClockCmd)
    i.SVC_Handler                            0x08001be8   Section        0  stm32f4xx_it.o(i.SVC_Handler)
    i.SYSCFG_EXTILineConfig                  0x08001bec   Section        0  stm32f4xx_syscfg.o(i.SYSCFG_EXTILineConfig)
    i.SetAD                                  0x08001c2c   Section        0  gpio_init.o(i.SetAD)
    i.SetAddressingMode                      0x08001cf0   Section        0  lcd.o(i.SetAddressingMode)
    i.SetContrastControl                     0x08001d02   Section        0  lcd.o(i.SetContrastControl)
    i.SetStartLine                           0x08001d14   Section        0  lcd.o(i.SetStartLine)
    i.SetSysClock                            0x08001d24   Section        0  system_stm32f4xx.o(i.SetSysClock)
    SetSysClock                              0x08001d25   Thumb Code   220  system_stm32f4xx.o(i.SetSysClock)
    i.Set_Charge_Pump                        0x08001e10   Section        0  lcd.o(i.Set_Charge_Pump)
    i.Set_Common_Config                      0x08001e24   Section        0  lcd.o(i.Set_Common_Config)
    i.Set_Common_Remap                       0x08001e38   Section        0  lcd.o(i.Set_Common_Remap)
    i.Set_Display_Clock                      0x08001e46   Section        0  lcd.o(i.Set_Display_Clock)
    i.Set_Display_Offset                     0x08001e58   Section        0  lcd.o(i.Set_Display_Offset)
    i.Set_Display_On_Off                     0x08001e6a   Section        0  lcd.o(i.Set_Display_On_Off)
    i.Set_Entire_Display                     0x08001e78   Section        0  lcd.o(i.Set_Entire_Display)
    i.Set_Inverse_Display                    0x08001e86   Section        0  lcd.o(i.Set_Inverse_Display)
    i.Set_Multiplex_Ratio                    0x08001e94   Section        0  lcd.o(i.Set_Multiplex_Ratio)
    i.Set_Precharge_Period                   0x08001ea6   Section        0  lcd.o(i.Set_Precharge_Period)
    i.Set_Segment_Remap                      0x08001eb8   Section        0  lcd.o(i.Set_Segment_Remap)
    i.Set_VCOMH                              0x08001ec6   Section        0  lcd.o(i.Set_VCOMH)
    i.StartInit                              0x08001ed8   Section        0  main.o(i.StartInit)
    i.SysTick_CLKSourceConfig                0x08002024   Section        0  misc.o(i.SysTick_CLKSourceConfig)
    i.SysTick_Handler                        0x0800204c   Section        0  stm32f4xx_it.o(i.SysTick_Handler)
    i.SystemInit                             0x08002050   Section        0  system_stm32f4xx.o(i.SystemInit)
    i.TIM4_PWM_Init                          0x080020b8   Section        0  dac.o(i.TIM4_PWM_Init)
    i.TIM6_Configuration                     0x08002168   Section        0  dac.o(i.TIM6_Configuration)
    i.TIM_ARRPreloadConfig                   0x0800219c   Section        0  stm32f4xx_tim.o(i.TIM_ARRPreloadConfig)
    i.TIM_Cmd                                0x080021b4   Section        0  stm32f4xx_tim.o(i.TIM_Cmd)
    i.TIM_OC3Init                            0x080021cc   Section        0  stm32f4xx_tim.o(i.TIM_OC3Init)
    i.TIM_OC3PreloadConfig                   0x0800226c   Section        0  stm32f4xx_tim.o(i.TIM_OC3PreloadConfig)
    i.TIM_PrescalerConfig                    0x0800227e   Section        0  stm32f4xx_tim.o(i.TIM_PrescalerConfig)
    i.TIM_SelectOutputTrigger                0x08002284   Section        0  stm32f4xx_tim.o(i.TIM_SelectOutputTrigger)
    i.TIM_SetAutoreload                      0x08002296   Section        0  stm32f4xx_tim.o(i.TIM_SetAutoreload)
    i.TIM_SetCompare3                        0x0800229a   Section        0  stm32f4xx_tim.o(i.TIM_SetCompare3)
    i.TIM_TimeBaseInit                       0x080022a0   Section        0  stm32f4xx_tim.o(i.TIM_TimeBaseInit)
    i.UsageFault_Handler                     0x08002324   Section        0  stm32f4xx_it.o(i.UsageFault_Handler)
    i.delay_init                             0x08002328   Section        0  delay.o(i.delay_init)
    i.delay_ms                               0x08002364   Section        0  delay.o(i.delay_ms)
    i.delay_us                               0x0800239c   Section        0  delay.o(i.delay_us)
    i.delay_xms                              0x080023e8   Section        0  delay.o(i.delay_xms)
    i.main                                   0x08002434   Section        0  main.o(i.main)
    i.sin_Generation                         0x0800266c   Section        0  dac.o(i.sin_Generation)
    x$fpl$fpinit                             0x080027dc   Section       10  fpinit.o(x$fpl$fpinit)
    $v0                                      0x080027dc   Number         0  fpinit.o(x$fpl$fpinit)
    .constdata                               0x080027e6   Section      552  lcd.o(.constdata)
    .data                                    0x20000000   Section       28  main.o(.data)
    .data                                    0x2000001c   Section        4  delay.o(.data)
    fac_us                                   0x2000001c   Data           1  delay.o(.data)
    fac_ms                                   0x2000001e   Data           2  delay.o(.data)
    .bss                                     0x20000020   Section     2048  dac.o(.bss)
    .bss                                     0x20000820   Section       96  libspace.o(.bss)
    HEAP                                     0x20000880   Section      512  startup_stm32f40_41xxx.o(HEAP)
    Heap_Mem                                 0x20000880   Data         512  startup_stm32f40_41xxx.o(HEAP)
    STACK                                    0x20000a80   Section     1024  startup_stm32f40_41xxx.o(STACK)
    Stack_Mem                                0x20000a80   Data        1024  startup_stm32f40_41xxx.o(STACK)
    __initial_sp                             0x20000e80   Data           0  startup_stm32f40_41xxx.o(STACK)

    Global Symbols

    Symbol Name                              Value     Ov Type        Size  Object(Section)

    BuildAttributes$$THM_ISAv4$E$P$D$K$B$S$7EM$VFPi3$EXTD16$VFPS$VFMA$PE$A:L22UL41UL21$X:L11$S22US41US21$IEEE1$IW$USESV6$~STKCKD$USESV7$~SHL$OSPACE$ROPI$EBA8$UX$STANDARDLIB$REQ8$PRES8$EABIv2 0x00000000   Number         0  anon$$obj.o ABSOLUTE
    __ARM_use_no_argv                        0x00000000   Number         0  main.o ABSOLUTE
    __ARM_exceptions_init                     - Undefined Weak Reference
    __alloca_initialize                       - Undefined Weak Reference
    __arm_preinit_                            - Undefined Weak Reference
    __cpp_initialize__aeabi_                  - Undefined Weak Reference
    __cxa_finalize                            - Undefined Weak Reference
    __rt_locale                               - Undefined Weak Reference
    __sigvec_lookup                           - Undefined Weak Reference
    _atexit_init                              - Undefined Weak Reference
    _call_atexit_fns                          - Undefined Weak Reference
    _clock_init                               - Undefined Weak Reference
    _fp_trap_init                             - Undefined Weak Reference
    _fp_trap_shutdown                         - Undefined Weak Reference
    _get_lc_collate                           - Undefined Weak Reference
    _get_lc_ctype                             - Undefined Weak Reference
    _get_lc_monetary                          - Undefined Weak Reference
    _get_lc_numeric                           - Undefined Weak Reference
    _get_lc_time                              - Undefined Weak Reference
    _getenv_init                              - Undefined Weak Reference
    _handle_redirection                       - Undefined Weak Reference
    _init_alloc                               - Undefined Weak Reference
    _init_user_alloc                          - Undefined Weak Reference
    _initio                                   - Undefined Weak Reference
    _rand_init                                - Undefined Weak Reference
    _signal_finish                            - Undefined Weak Reference
    _signal_init                              - Undefined Weak Reference
    _terminate_alloc                          - Undefined Weak Reference
    _terminate_user_alloc                     - Undefined Weak Reference
    _terminateio                              - Undefined Weak Reference
    __Vectors_Size                           0x00000188   Number         0  startup_stm32f40_41xxx.o ABSOLUTE
    __Vectors                                0x08000000   Data           4  startup_stm32f40_41xxx.o(RESET)
    __Vectors_End                            0x08000188   Data           0  startup_stm32f40_41xxx.o(RESET)
    __main                                   0x08000189   Thumb Code     8  __main.o(!!!main)
    __scatterload                            0x08000191   Thumb Code     0  __scatter.o(!!!scatter)
    __scatterload_rt2                        0x08000191   Thumb Code    44  __scatter.o(!!!scatter)
    __scatterload_rt2_thumb_only             0x08000191   Thumb Code     0  __scatter.o(!!!scatter)
    __scatterload_null                       0x0800019f   Thumb Code     0  __scatter.o(!!!scatter)
    __scatterload_copy                       0x080001c5   Thumb Code    26  __scatter_copy.o(!!handler_copy)
    __scatterload_zeroinit                   0x080001e1   Thumb Code    28  __scatter_zi.o(!!handler_zi)
    __rt_lib_init                            0x080001fd   Thumb Code     0  libinit.o(.ARM.Collect$$libinit$$00000000)
    __rt_lib_init_fp_1                       0x080001ff   Thumb Code     0  libinit2.o(.ARM.Collect$$libinit$$00000001)
    __rt_lib_init_alloca_1                   0x08000203   Thumb Code     0  libinit2.o(.ARM.Collect$$libinit$$0000002E)
    __rt_lib_init_argv_1                     0x08000203   Thumb Code     0  libinit2.o(.ARM.Collect$$libinit$$0000002C)
    __rt_lib_init_atexit_1                   0x08000203   Thumb Code     0  libinit2.o(.ARM.Collect$$libinit$$0000001B)
    __rt_lib_init_clock_1                    0x08000203   Thumb Code     0  libinit2.o(.ARM.Collect$$libinit$$00000021)
    __rt_lib_init_cpp_1                      0x08000203   Thumb Code     0  libinit2.o(.ARM.Collect$$libinit$$00000032)
    __rt_lib_init_exceptions_1               0x08000203   Thumb Code     0  libinit2.o(.ARM.Collect$$libinit$$00000030)
    __rt_lib_init_fp_trap_1                  0x08000203   Thumb Code     0  libinit2.o(.ARM.Collect$$libinit$$0000001F)
    __rt_lib_init_getenv_1                   0x08000203   Thumb Code     0  libinit2.o(.ARM.Collect$$libinit$$00000023)
    __rt_lib_init_heap_1                     0x08000203   Thumb Code     0  libinit2.o(.ARM.Collect$$libinit$$0000000A)
    __rt_lib_init_lc_collate_1               0x08000203   Thumb Code     0  libinit2.o(.ARM.Collect$$libinit$$00000011)
    __rt_lib_init_lc_ctype_1                 0x08000203   Thumb Code     0  libinit2.o(.ARM.Collect$$libinit$$00000013)
    __rt_lib_init_lc_monetary_1              0x08000203   Thumb Code     0  libinit2.o(.ARM.Collect$$libinit$$00000015)
    __rt_lib_init_lc_numeric_1               0x08000203   Thumb Code     0  libinit2.o(.ARM.Collect$$libinit$$00000017)
    __rt_lib_init_lc_time_1                  0x08000203   Thumb Code     0  libinit2.o(.ARM.Collect$$libinit$$00000019)
    __rt_lib_init_preinit_1                  0x08000203   Thumb Code     0  libinit2.o(.ARM.Collect$$libinit$$00000004)
    __rt_lib_init_rand_1                     0x08000203   Thumb Code     0  libinit2.o(.ARM.Collect$$libinit$$0000000E)
    __rt_lib_init_return                     0x08000203   Thumb Code     0  libinit2.o(.ARM.Collect$$libinit$$00000033)
    __rt_lib_init_signal_1                   0x08000203   Thumb Code     0  libinit2.o(.ARM.Collect$$libinit$$0000001D)
    __rt_lib_init_stdio_1                    0x08000203   Thumb Code     0  libinit2.o(.ARM.Collect$$libinit$$00000025)
    __rt_lib_init_user_alloc_1               0x08000203   Thumb Code     0  libinit2.o(.ARM.Collect$$libinit$$0000000C)
    __rt_lib_shutdown                        0x08000205   Thumb Code     0  libshutdown.o(.ARM.Collect$$libshutdown$$00000000)
    __rt_lib_shutdown_cpp_1                  0x08000207   Thumb Code     0  libshutdown2.o(.ARM.Collect$$libshutdown$$00000002)
    __rt_lib_shutdown_fp_trap_1              0x08000207   Thumb Code     0  libshutdown2.o(.ARM.Collect$$libshutdown$$00000007)
    __rt_lib_shutdown_heap_1                 0x08000207   Thumb Code     0  libshutdown2.o(.ARM.Collect$$libshutdown$$0000000F)
    __rt_lib_shutdown_return                 0x08000207   Thumb Code     0  libshutdown2.o(.ARM.Collect$$libshutdown$$00000010)
    __rt_lib_shutdown_signal_1               0x08000207   Thumb Code     0  libshutdown2.o(.ARM.Collect$$libshutdown$$0000000A)
    __rt_lib_shutdown_stdio_1                0x08000207   Thumb Code     0  libshutdown2.o(.ARM.Collect$$libshutdown$$00000004)
    __rt_lib_shutdown_user_alloc_1           0x08000207   Thumb Code     0  libshutdown2.o(.ARM.Collect$$libshutdown$$0000000C)
    __rt_entry                               0x08000209   Thumb Code     0  __rtentry.o(.ARM.Collect$$rtentry$$00000000)
    __rt_entry_presh_1                       0x08000209   Thumb Code     0  __rtentry2.o(.ARM.Collect$$rtentry$$00000002)
    __rt_entry_sh                            0x08000209   Thumb Code     0  __rtentry4.o(.ARM.Collect$$rtentry$$00000004)
    __rt_entry_li                            0x0800020f   Thumb Code     0  __rtentry2.o(.ARM.Collect$$rtentry$$0000000A)
    __rt_entry_postsh_1                      0x0800020f   Thumb Code     0  __rtentry2.o(.ARM.Collect$$rtentry$$00000009)
    __rt_entry_main                          0x08000213   Thumb Code     0  __rtentry2.o(.ARM.Collect$$rtentry$$0000000D)
    __rt_entry_postli_1                      0x08000213   Thumb Code     0  __rtentry2.o(.ARM.Collect$$rtentry$$0000000C)
    __rt_exit                                0x0800021b   Thumb Code     0  rtexit.o(.ARM.Collect$$rtexit$$00000000)
    __rt_exit_ls                             0x0800021d   Thumb Code     0  rtexit2.o(.ARM.Collect$$rtexit$$00000003)
    __rt_exit_prels_1                        0x0800021d   Thumb Code     0  rtexit2.o(.ARM.Collect$$rtexit$$00000002)
    __rt_exit_exit                           0x08000221   Thumb Code     0  rtexit2.o(.ARM.Collect$$rtexit$$00000004)
    Reset_Handler                            0x08000229   Thumb Code     8  startup_stm32f40_41xxx.o(.text)
    ADC_IRQHandler                           0x08000243   Thumb Code     0  startup_stm32f40_41xxx.o(.text)
    CAN1_RX0_IRQHandler                      0x08000243   Thumb Code     0  startup_stm32f40_41xxx.o(.text)
    CAN1_RX1_IRQHandler                      0x08000243   Thumb Code     0  startup_stm32f40_41xxx.o(.text)
    CAN1_SCE_IRQHandler                      0x08000243   Thumb Code     0  startup_stm32f40_41xxx.o(.text)
    CAN1_TX_IRQHandler                       0x08000243   Thumb Code     0  startup_stm32f40_41xxx.o(.text)
    CAN2_RX0_IRQHandler                      0x08000243   Thumb Code     0  startup_stm32f40_41xxx.o(.text)
    CAN2_RX1_IRQHandler                      0x08000243   Thumb Code     0  startup_stm32f40_41xxx.o(.text)
    CAN2_SCE_IRQHandler                      0x08000243   Thumb Code     0  startup_stm32f40_41xxx.o(.text)
    CAN2_TX_IRQHandler                       0x08000243   Thumb Code     0  startup_stm32f40_41xxx.o(.text)
    CRYP_IRQHandler                          0x08000243   Thumb Code     0  startup_stm32f40_41xxx.o(.text)
    DCMI_IRQHandler                          0x08000243   Thumb Code     0  startup_stm32f40_41xxx.o(.text)
    DMA1_Stream0_IRQHandler                  0x08000243   Thumb Code     0  startup_stm32f40_41xxx.o(.text)
    DMA1_Stream1_IRQHandler                  0x08000243   Thumb Code     0  startup_stm32f40_41xxx.o(.text)
    DMA1_Stream2_IRQHandler                  0x08000243   Thumb Code     0  startup_stm32f40_41xxx.o(.text)
    DMA1_Stream3_IRQHandler                  0x08000243   Thumb Code     0  startup_stm32f40_41xxx.o(.text)
    DMA1_Stream4_IRQHandler                  0x08000243   Thumb Code     0  startup_stm32f40_41xxx.o(.text)
    DMA1_Stream5_IRQHandler                  0x08000243   Thumb Code     0  startup_stm32f40_41xxx.o(.text)
    DMA1_Stream6_IRQHandler                  0x08000243   Thumb Code     0  startup_stm32f40_41xxx.o(.text)
    DMA1_Stream7_IRQHandler                  0x08000243   Thumb Code     0  startup_stm32f40_41xxx.o(.text)
    DMA2_Stream0_IRQHandler                  0x08000243   Thumb Code     0  startup_stm32f40_41xxx.o(.text)
    DMA2_Stream1_IRQHandler                  0x08000243   Thumb Code     0  startup_stm32f40_41xxx.o(.text)
    DMA2_Stream2_IRQHandler                  0x08000243   Thumb Code     0  startup_stm32f40_41xxx.o(.text)
    DMA2_Stream3_IRQHandler                  0x08000243   Thumb Code     0  startup_stm32f40_41xxx.o(.text)
    DMA2_Stream4_IRQHandler                  0x08000243   Thumb Code     0  startup_stm32f40_41xxx.o(.text)
    DMA2_Stream5_IRQHandler                  0x08000243   Thumb Code     0  startup_stm32f40_41xxx.o(.text)
    DMA2_Stream6_IRQHandler                  0x08000243   Thumb Code     0  startup_stm32f40_41xxx.o(.text)
    DMA2_Stream7_IRQHandler                  0x08000243   Thumb Code     0  startup_stm32f40_41xxx.o(.text)
    ETH_IRQHandler                           0x08000243   Thumb Code     0  startup_stm32f40_41xxx.o(.text)
    ETH_WKUP_IRQHandler                      0x08000243   Thumb Code     0  startup_stm32f40_41xxx.o(.text)
    EXTI15_10_IRQHandler                     0x08000243   Thumb Code     0  startup_stm32f40_41xxx.o(.text)
    FLASH_IRQHandler                         0x08000243   Thumb Code     0  startup_stm32f40_41xxx.o(.text)
    FPU_IRQHandler                           0x08000243   Thumb Code     0  startup_stm32f40_41xxx.o(.text)
    FSMC_IRQHandler                          0x08000243   Thumb Code     0  startup_stm32f40_41xxx.o(.text)
    HASH_RNG_IRQHandler                      0x08000243   Thumb Code     0  startup_stm32f40_41xxx.o(.text)
    I2C1_ER_IRQHandler                       0x08000243   Thumb Code     0  startup_stm32f40_41xxx.o(.text)
    I2C1_EV_IRQHandler                       0x08000243   Thumb Code     0  startup_stm32f40_41xxx.o(.text)
    I2C2_ER_IRQHandler                       0x08000243   Thumb Code     0  startup_stm32f40_41xxx.o(.text)
    I2C2_EV_IRQHandler                       0x08000243   Thumb Code     0  startup_stm32f40_41xxx.o(.text)
    I2C3_ER_IRQHandler                       0x08000243   Thumb Code     0  startup_stm32f40_41xxx.o(.text)
    I2C3_EV_IRQHandler                       0x08000243   Thumb Code     0  startup_stm32f40_41xxx.o(.text)
    OTG_FS_IRQHandler                        0x08000243   Thumb Code     0  startup_stm32f40_41xxx.o(.text)
    OTG_FS_WKUP_IRQHandler                   0x08000243   Thumb Code     0  startup_stm32f40_41xxx.o(.text)
    OTG_HS_EP1_IN_IRQHandler                 0x08000243   Thumb Code     0  startup_stm32f40_41xxx.o(.text)
    OTG_HS_EP1_OUT_IRQHandler                0x08000243   Thumb Code     0  startup_stm32f40_41xxx.o(.text)
    OTG_HS_IRQHandler                        0x08000243   Thumb Code     0  startup_stm32f40_41xxx.o(.text)
    OTG_HS_WKUP_IRQHandler                   0x08000243   Thumb Code     0  startup_stm32f40_41xxx.o(.text)
    PVD_IRQHandler                           0x08000243   Thumb Code     0  startup_stm32f40_41xxx.o(.text)
    RCC_IRQHandler                           0x08000243   Thumb Code     0  startup_stm32f40_41xxx.o(.text)
    RTC_Alarm_IRQHandler                     0x08000243   Thumb Code     0  startup_stm32f40_41xxx.o(.text)
    RTC_WKUP_IRQHandler                      0x08000243   Thumb Code     0  startup_stm32f40_41xxx.o(.text)
    SDIO_IRQHandler                          0x08000243   Thumb Code     0  startup_stm32f40_41xxx.o(.text)
    SPI1_IRQHandler                          0x08000243   Thumb Code     0  startup_stm32f40_41xxx.o(.text)
    SPI2_IRQHandler                          0x08000243   Thumb Code     0  startup_stm32f40_41xxx.o(.text)
    SPI3_IRQHandler                          0x08000243   Thumb Code     0  startup_stm32f40_41xxx.o(.text)
    TAMP_STAMP_IRQHandler                    0x08000243   Thumb Code     0  startup_stm32f40_41xxx.o(.text)
    TIM1_BRK_TIM9_IRQHandler                 0x08000243   Thumb Code     0  startup_stm32f40_41xxx.o(.text)
    TIM1_CC_IRQHandler                       0x08000243   Thumb Code     0  startup_stm32f40_41xxx.o(.text)
    TIM1_TRG_COM_TIM11_IRQHandler            0x08000243   Thumb Code     0  startup_stm32f40_41xxx.o(.text)
    TIM1_UP_TIM10_IRQHandler                 0x08000243   Thumb Code     0  startup_stm32f40_41xxx.o(.text)
    TIM2_IRQHandler                          0x08000243   Thumb Code     0  startup_stm32f40_41xxx.o(.text)
    TIM3_IRQHandler                          0x08000243   Thumb Code     0  startup_stm32f40_41xxx.o(.text)
    TIM4_IRQHandler                          0x08000243   Thumb Code     0  startup_stm32f40_41xxx.o(.text)
    TIM5_IRQHandler                          0x08000243   Thumb Code     0  startup_stm32f40_41xxx.o(.text)
    TIM6_DAC_IRQHandler                      0x08000243   Thumb Code     0  startup_stm32f40_41xxx.o(.text)
    TIM7_IRQHandler                          0x08000243   Thumb Code     0  startup_stm32f40_41xxx.o(.text)
    TIM8_BRK_TIM12_IRQHandler                0x08000243   Thumb Code     0  startup_stm32f40_41xxx.o(.text)
    TIM8_CC_IRQHandler                       0x08000243   Thumb Code     0  startup_stm32f40_41xxx.o(.text)
    TIM8_TRG_COM_TIM14_IRQHandler            0x08000243   Thumb Code     0  startup_stm32f40_41xxx.o(.text)
    TIM8_UP_TIM13_IRQHandler                 0x08000243   Thumb Code     0  startup_stm32f40_41xxx.o(.text)
    UART4_IRQHandler                         0x08000243   Thumb Code     0  startup_stm32f40_41xxx.o(.text)
    UART5_IRQHandler                         0x08000243   Thumb Code     0  startup_stm32f40_41xxx.o(.text)
    USART1_IRQHandler                        0x08000243   Thumb Code     0  startup_stm32f40_41xxx.o(.text)
    USART2_IRQHandler                        0x08000243   Thumb Code     0  startup_stm32f40_41xxx.o(.text)
    USART3_IRQHandler                        0x08000243   Thumb Code     0  startup_stm32f40_41xxx.o(.text)
    USART6_IRQHandler                        0x08000243   Thumb Code     0  startup_stm32f40_41xxx.o(.text)
    WWDG_IRQHandler                          0x08000243   Thumb Code     0  startup_stm32f40_41xxx.o(.text)
    __user_initial_stackheap                 0x08000245   Thumb Code     0  startup_stm32f40_41xxx.o(.text)
    __use_two_region_memory                  0x08000269   Thumb Code     2  heapauxi.o(.text)
    __rt_heap_escrow$2region                 0x0800026b   Thumb Code     2  heapauxi.o(.text)
    __rt_heap_expand$2region                 0x0800026d   Thumb Code     2  heapauxi.o(.text)
    __user_setup_stackheap                   0x0800026f   Thumb Code    74  sys_stackheap_outer.o(.text)
    exit                                     0x080002b9   Thumb Code    18  exit.o(.text)
    __user_libspace                          0x080002cd   Thumb Code     8  libspace.o(.text)
    __user_perproc_libspace                  0x080002cd   Thumb Code     0  libspace.o(.text)
    __user_perthread_libspace                0x080002cd   Thumb Code     0  libspace.o(.text)
    _sys_exit                                0x080002d5   Thumb Code     8  sys_exit.o(.text)
    __I$use$semihosting                      0x080002e1   Thumb Code     0  use_no_semi.o(.text)
    __use_no_semihosting_swi                 0x080002e1   Thumb Code     2  use_no_semi.o(.text)
    __semihosting_library_function           0x080002e3   Thumb Code     0  indicate_semi.o(.text)
    AT24C02_GPIO_Init                        0x080002e5   Thumb Code    62  at24c02.o(i.AT24C02_GPIO_Init)
    AT24C02_IIC_Ack                          0x08000331   Thumb Code    74  at24c02.o(i.AT24C02_IIC_Ack)
    AT24C02_IIC_NAck                         0x08000389   Thumb Code    66  at24c02.o(i.AT24C02_IIC_NAck)
    AT24C02_IIC_Start                        0x080003d5   Thumb Code    74  at24c02.o(i.AT24C02_IIC_Start)
    AT24C02_IIC_Stop                         0x0800042d   Thumb Code    74  at24c02.o(i.AT24C02_IIC_Stop)
    AT24C02_IIC_Wait_Ack                     0x08000485   Thumb Code   100  at24c02.o(i.AT24C02_IIC_Wait_Ack)
    AT24C02_Init                             0x080004f1   Thumb Code     8  at24c02.o(i.AT24C02_Init)
    AT24C02_ReadOneByte                      0x080004f9   Thumb Code    58  at24c02.o(i.AT24C02_ReadOneByte)
    AT24C02_Read_Byte                        0x08000535   Thumb Code   100  at24c02.o(i.AT24C02_Read_Byte)
    AT24C02_Send_Byte                        0x080005a5   Thumb Code   106  at24c02.o(i.AT24C02_Send_Byte)
    AT24C02_WriteOneByte                     0x08000619   Thumb Code    58  at24c02.o(i.AT24C02_WriteOneByte)
    BusFault_Handler                         0x08000659   Thumb Code     4  stm32f4xx_it.o(i.BusFault_Handler)
    CheckFlag                                0x0800065d   Thumb Code    80  main.o(i.CheckFlag)
    DAC_Cmd                                  0x080006bd   Thumb Code    34  stm32f4xx_dac.o(i.DAC_Cmd)
    DAC_DMACmd                               0x080006e5   Thumb Code    38  stm32f4xx_dac.o(i.DAC_DMACmd)
    DAC_DMA_Configuration                    0x08000711   Thumb Code   146  dac.o(i.DAC_DMA_Configuration)
    DAC_Init                                 0x080007b5   Thumb Code    46  stm32f4xx_dac.o(i.DAC_Init)
    DMA_Cmd                                  0x080007e9   Thumb Code    22  stm32f4xx_dma.o(i.DMA_Cmd)
    DMA_DeInit                               0x08000801   Thumb Code   324  stm32f4xx_dma.o(i.DMA_DeInit)
    DMA_Init                                 0x08000959   Thumb Code    82  stm32f4xx_dma.o(i.DMA_Init)
    DebugMon_Handler                         0x080009b1   Thumb Code     2  stm32f4xx_it.o(i.DebugMon_Handler)
    Delays                                   0x080009b3   Thumb Code    26  gpio_init.o(i.Delays)
    EXTI0_IRQHandler                         0x080009cd   Thumb Code    72  gpio_init.o(i.EXTI0_IRQHandler)
    EXTI1_IRQHandler                         0x08000a25   Thumb Code    72  gpio_init.o(i.EXTI1_IRQHandler)
    EXTI2_IRQHandler                         0x08000a7d   Thumb Code   102  gpio_init.o(i.EXTI2_IRQHandler)
    EXTI3_IRQHandler                         0x08000aed   Thumb Code   142  gpio_init.o(i.EXTI3_IRQHandler)
    EXTI4_IRQHandler                         0x08000b85   Thumb Code   142  gpio_init.o(i.EXTI4_IRQHandler)
    EXTI9_5_IRQHandler                       0x08000c1d   Thumb Code   142  gpio_init.o(i.EXTI9_5_IRQHandler)
    EXTI_ClearITPendingBit                   0x08000cb5   Thumb Code     6  stm32f4xx_exti.o(i.EXTI_ClearITPendingBit)
    EXTI_GetITStatus                         0x08000cc1   Thumb Code    20  stm32f4xx_exti.o(i.EXTI_GetITStatus)
    EXTI_Init                                0x08000cd9   Thumb Code   142  stm32f4xx_exti.o(i.EXTI_Init)
    GPIO_Configuration                       0x08000d6d   Thumb Code    36  dac.o(i.GPIO_Configuration)
    GPIO_Init                                0x08000d95   Thumb Code   144  stm32f4xx_gpio.o(i.GPIO_Init)
    GPIO_PinAFConfig                         0x08000e25   Thumb Code    70  stm32f4xx_gpio.o(i.GPIO_PinAFConfig)
    GPIO_ResetBits                           0x08000e6b   Thumb Code     4  stm32f4xx_gpio.o(i.GPIO_ResetBits)
    GPIO_SetBits                             0x08000e6f   Thumb Code     4  stm32f4xx_gpio.o(i.GPIO_SetBits)
    Gpio_Init                                0x08000e75   Thumb Code   738  gpio_init.o(i.Gpio_Init)
    HardFault_Handler                        0x0800116d   Thumb Code     4  stm32f4xx_it.o(i.HardFault_Handler)
    LCD_Display                              0x08001171   Thumb Code   554  lcd.o(i.LCD_Display)
    LCD_Fill                                 0x080013d5   Thumb Code    58  lcd.o(i.LCD_Fill)
    LCD_Init                                 0x08001411   Thumb Code   252  lcd.o(i.LCD_Init)
    LCD_Set_Pos                              0x08001515   Thumb Code    40  lcd.o(i.LCD_Set_Pos)
    LCD_ShowADNum                            0x0800153d   Thumb Code   312  lcd.o(i.LCD_ShowADNum)
    LCD_ShowSine_Amp                         0x08001679   Thumb Code   224  lcd.o(i.LCD_ShowSine_Amp)
    LCD_ShowSine_Fre                         0x0800175d   Thumb Code   224  lcd.o(i.LCD_ShowSine_Fre)
    LCD_ShowSqua_Fre                         0x08001841   Thumb Code   316  lcd.o(i.LCD_ShowSqua_Fre)
    LCD_ShowSwitch_Flag                      0x08001981   Thumb Code   120  lcd.o(i.LCD_ShowSwitch_Flag)
    LCD_WrCmd                                0x080019fd   Thumb Code   122  lcd.o(i.LCD_WrCmd)
    LCD_WrDat                                0x08001a81   Thumb Code   122  lcd.o(i.LCD_WrDat)
    MemManage_Handler                        0x08001b05   Thumb Code     4  stm32f4xx_it.o(i.MemManage_Handler)
    NMI_Handler                              0x08001b09   Thumb Code     2  stm32f4xx_it.o(i.NMI_Handler)
    NVIC_Init                                0x08001b0d   Thumb Code   106  misc.o(i.NVIC_Init)
    PendSV_Handler                           0x08001b85   Thumb Code     2  stm32f4xx_it.o(i.PendSV_Handler)
    RCC_AHB1PeriphClockCmd                   0x08001b89   Thumb Code    26  stm32f4xx_rcc.o(i.RCC_AHB1PeriphClockCmd)
    RCC_APB1PeriphClockCmd                   0x08001ba9   Thumb Code    26  stm32f4xx_rcc.o(i.RCC_APB1PeriphClockCmd)
    RCC_APB2PeriphClockCmd                   0x08001bc9   Thumb Code    26  stm32f4xx_rcc.o(i.RCC_APB2PeriphClockCmd)
    SVC_Handler                              0x08001be9   Thumb Code     2  stm32f4xx_it.o(i.SVC_Handler)
    SYSCFG_EXTILineConfig                    0x08001bed   Thumb Code    60  stm32f4xx_syscfg.o(i.SYSCFG_EXTILineConfig)
    SetAD                                    0x08001c2d   Thumb Code   186  gpio_init.o(i.SetAD)
    SetAddressingMode                        0x08001cf1   Thumb Code    18  lcd.o(i.SetAddressingMode)
    SetContrastControl                       0x08001d03   Thumb Code    18  lcd.o(i.SetContrastControl)
    SetStartLine                             0x08001d15   Thumb Code    14  lcd.o(i.SetStartLine)
    Set_Charge_Pump                          0x08001e11   Thumb Code    20  lcd.o(i.Set_Charge_Pump)
    Set_Common_Config                        0x08001e25   Thumb Code    20  lcd.o(i.Set_Common_Config)
    Set_Common_Remap                         0x08001e39   Thumb Code    14  lcd.o(i.Set_Common_Remap)
    Set_Display_Clock                        0x08001e47   Thumb Code    18  lcd.o(i.Set_Display_Clock)
    Set_Display_Offset                       0x08001e59   Thumb Code    18  lcd.o(i.Set_Display_Offset)
    Set_Display_On_Off                       0x08001e6b   Thumb Code    14  lcd.o(i.Set_Display_On_Off)
    Set_Entire_Display                       0x08001e79   Thumb Code    14  lcd.o(i.Set_Entire_Display)
    Set_Inverse_Display                      0x08001e87   Thumb Code    14  lcd.o(i.Set_Inverse_Display)
    Set_Multiplex_Ratio                      0x08001e95   Thumb Code    18  lcd.o(i.Set_Multiplex_Ratio)
    Set_Precharge_Period                     0x08001ea7   Thumb Code    18  lcd.o(i.Set_Precharge_Period)
    Set_Segment_Remap                        0x08001eb9   Thumb Code    14  lcd.o(i.Set_Segment_Remap)
    Set_VCOMH                                0x08001ec7   Thumb Code    18  lcd.o(i.Set_VCOMH)
    StartInit                                0x08001ed9   Thumb Code   282  main.o(i.StartInit)
    SysTick_CLKSourceConfig                  0x08002025   Thumb Code    40  misc.o(i.SysTick_CLKSourceConfig)
    SysTick_Handler                          0x0800204d   Thumb Code     2  stm32f4xx_it.o(i.SysTick_Handler)
    SystemInit                               0x08002051   Thumb Code    88  system_stm32f4xx.o(i.SystemInit)
    TIM4_PWM_Init                            0x080020b9   Thumb Code   166  dac.o(i.TIM4_PWM_Init)
    TIM6_Configuration                       0x08002169   Thumb Code    48  dac.o(i.TIM6_Configuration)
    TIM_ARRPreloadConfig                     0x0800219d   Thumb Code    24  stm32f4xx_tim.o(i.TIM_ARRPreloadConfig)
    TIM_Cmd                                  0x080021b5   Thumb Code    24  stm32f4xx_tim.o(i.TIM_Cmd)
    TIM_OC3Init                              0x080021cd   Thumb Code   150  stm32f4xx_tim.o(i.TIM_OC3Init)
    TIM_OC3PreloadConfig                     0x0800226d   Thumb Code    18  stm32f4xx_tim.o(i.TIM_OC3PreloadConfig)
    TIM_PrescalerConfig                      0x0800227f   Thumb Code     6  stm32f4xx_tim.o(i.TIM_PrescalerConfig)
    TIM_SelectOutputTrigger                  0x08002285   Thumb Code    18  stm32f4xx_tim.o(i.TIM_SelectOutputTrigger)
    TIM_SetAutoreload                        0x08002297   Thumb Code     4  stm32f4xx_tim.o(i.TIM_SetAutoreload)
    TIM_SetCompare3                          0x0800229b   Thumb Code     4  stm32f4xx_tim.o(i.TIM_SetCompare3)
    TIM_TimeBaseInit                         0x080022a1   Thumb Code   104  stm32f4xx_tim.o(i.TIM_TimeBaseInit)
    UsageFault_Handler                       0x08002325   Thumb Code     4  stm32f4xx_it.o(i.UsageFault_Handler)
    delay_init                               0x08002329   Thumb Code    52  delay.o(i.delay_init)
    delay_ms                                 0x08002365   Thumb Code    56  delay.o(i.delay_ms)
    delay_us                                 0x0800239d   Thumb Code    72  delay.o(i.delay_us)
    delay_xms                                0x080023e9   Thumb Code    72  delay.o(i.delay_xms)
    main                                     0x08002435   Thumb Code   502  main.o(i.main)
    sin_Generation                           0x0800266d   Thumb Code   360  dac.o(i.sin_Generation)
    _fp_init                                 0x080027dd   Thumb Code    10  fpinit.o(x$fpl$fpinit)
    __fplib_config_fpu_vfp                   0x080027e5   Thumb Code     0  fpinit.o(x$fpl$fpinit)
    __fplib_config_pureend_doubles           0x080027e5   Thumb Code     0  fpinit.o(x$fpl$fpinit)
    F6x8                                     0x080027e6   Data         552  lcd.o(.constdata)
    Region$$Table$$Base                      0x08002a10   Number         0  anon$$obj.o(Region$$Table)
    Region$$Table$$Limit                     0x08002a30   Number         0  anon$$obj.o(Region$$Table)
    ADNum                                    0x20000000   Data           1  main.o(.data)
    Squa_Fre                                 0x20000002   Data           2  main.o(.data)
    Sine_Fre                                 0x20000004   Data           2  main.o(.data)
    Sine_Amp                                 0x20000006   Data           2  main.o(.data)
    Switch_Flag                              0x20000008   Data           1  main.o(.data)
    Switch_Flag1                             0x20000009   Data           1  main.o(.data)
    Switch_Flag2                             0x2000000a   Data           1  main.o(.data)
    ADNumt                                   0x2000000b   Data           1  main.o(.data)
    Squa_Fret                                0x2000000c   Data           2  main.o(.data)
    Sine_Fret                                0x2000000e   Data           2  main.o(.data)
    Sine_Ampt                                0x20000010   Data           2  main.o(.data)
    Switch_Flagt                             0x20000012   Data           1  main.o(.data)
    tableSize                                0x20000014   Data           2  main.o(.data)
    FreqNum                                  0x20000016   Data           2  main.o(.data)
    VoltageValue                             0x20000018   Data           2  main.o(.data)
    FreqNuma                                 0x2000001a   Data           2  main.o(.data)
    sinTable                                 0x20000020   Data        2048  dac.o(.bss)
    __libspace_start                         0x20000820   Data          96  libspace.o(.bss)
    __temporary_stack_top$libspace           0x20000880   Data           0  libspace.o(.bss)



==============================================================================

Memory Map of the image

  Image Entry point : 0x08000189

  Load Region LR_IROM1 (Base: 0x08000000, Size: 0x00002a50, Max: 0x00100000, ABSOLUTE)

    Execution Region ER_IROM1 (Base: 0x08000000, Size: 0x00002a30, Max: 0x00100000, ABSOLUTE)

    Base Addr    Size         Type   Attr      Idx    E Section Name        Object

    0x08000000   0x00000188   Data   RO          367    RESET               startup_stm32f40_41xxx.o
    0x08000188   0x00000008   Code   RO         2216  * !!!main             c_w.l(__main.o)
    0x08000190   0x00000034   Code   RO         2373    !!!scatter          c_w.l(__scatter.o)
    0x080001c4   0x0000001a   Code   RO         2375    !!handler_copy      c_w.l(__scatter_copy.o)
    0x080001de   0x00000002   PAD
    0x080001e0   0x0000001c   Code   RO         2377    !!handler_zi        c_w.l(__scatter_zi.o)
    0x080001fc   0x00000002   Code   RO         2243    .ARM.Collect$$libinit$$00000000  c_w.l(libinit.o)
    0x080001fe   0x00000004   Code   RO         2249    .ARM.Collect$$libinit$$00000001  c_w.l(libinit2.o)
    0x08000202   0x00000000   Code   RO         2252    .ARM.Collect$$libinit$$00000004  c_w.l(libinit2.o)
    0x08000202   0x00000000   Code   RO         2255    .ARM.Collect$$libinit$$0000000A  c_w.l(libinit2.o)
    0x08000202   0x00000000   Code   RO         2257    .ARM.Collect$$libinit$$0000000C  c_w.l(libinit2.o)
    0x08000202   0x00000000   Code   RO         2259    .ARM.Collect$$libinit$$0000000E  c_w.l(libinit2.o)
    0x08000202   0x00000000   Code   RO         2262    .ARM.Collect$$libinit$$00000011  c_w.l(libinit2.o)
    0x08000202   0x00000000   Code   RO         2264    .ARM.Collect$$libinit$$00000013  c_w.l(libinit2.o)
    0x08000202   0x00000000   Code   RO         2266    .ARM.Collect$$libinit$$00000015  c_w.l(libinit2.o)
    0x08000202   0x00000000   Code   RO         2268    .ARM.Collect$$libinit$$00000017  c_w.l(libinit2.o)
    0x08000202   0x00000000   Code   RO         2270    .ARM.Collect$$libinit$$00000019  c_w.l(libinit2.o)
    0x08000202   0x00000000   Code   RO         2272    .ARM.Collect$$libinit$$0000001B  c_w.l(libinit2.o)
    0x08000202   0x00000000   Code   RO         2274    .ARM.Collect$$libinit$$0000001D  c_w.l(libinit2.o)
    0x08000202   0x00000000   Code   RO         2276    .ARM.Collect$$libinit$$0000001F  c_w.l(libinit2.o)
    0x08000202   0x00000000   Code   RO         2278    .ARM.Collect$$libinit$$00000021  c_w.l(libinit2.o)
    0x08000202   0x00000000   Code   RO         2280    .ARM.Collect$$libinit$$00000023  c_w.l(libinit2.o)
    0x08000202   0x00000000   Code   RO         2282    .ARM.Collect$$libinit$$00000025  c_w.l(libinit2.o)
    0x08000202   0x00000000   Code   RO         2286    .ARM.Collect$$libinit$$0000002C  c_w.l(libinit2.o)
    0x08000202   0x00000000   Code   RO         2288    .ARM.Collect$$libinit$$0000002E  c_w.l(libinit2.o)
    0x08000202   0x00000000   Code   RO         2290    .ARM.Collect$$libinit$$00000030  c_w.l(libinit2.o)
    0x08000202   0x00000000   Code   RO         2292    .ARM.Collect$$libinit$$00000032  c_w.l(libinit2.o)
    0x08000202   0x00000002   Code   RO         2293    .ARM.Collect$$libinit$$00000033  c_w.l(libinit2.o)
    0x08000204   0x00000002   Code   RO         2313    .ARM.Collect$$libshutdown$$00000000  c_w.l(libshutdown.o)
    0x08000206   0x00000000   Code   RO         2326    .ARM.Collect$$libshutdown$$00000002  c_w.l(libshutdown2.o)
    0x08000206   0x00000000   Code   RO         2328    .ARM.Collect$$libshutdown$$00000004  c_w.l(libshutdown2.o)
    0x08000206   0x00000000   Code   RO         2331    .ARM.Collect$$libshutdown$$00000007  c_w.l(libshutdown2.o)
    0x08000206   0x00000000   Code   RO         2334    .ARM.Collect$$libshutdown$$0000000A  c_w.l(libshutdown2.o)
    0x08000206   0x00000000   Code   RO         2336    .ARM.Collect$$libshutdown$$0000000C  c_w.l(libshutdown2.o)
    0x08000206   0x00000000   Code   RO         2339    .ARM.Collect$$libshutdown$$0000000F  c_w.l(libshutdown2.o)
    0x08000206   0x00000002   Code   RO         2340    .ARM.Collect$$libshutdown$$00000010  c_w.l(libshutdown2.o)
    0x08000208   0x00000000   Code   RO         2218    .ARM.Collect$$rtentry$$00000000  c_w.l(__rtentry.o)
    0x08000208   0x00000000   Code   RO         2220    .ARM.Collect$$rtentry$$00000002  c_w.l(__rtentry2.o)
    0x08000208   0x00000006   Code   RO         2232    .ARM.Collect$$rtentry$$00000004  c_w.l(__rtentry4.o)
    0x0800020e   0x00000000   Code   RO         2222    .ARM.Collect$$rtentry$$00000009  c_w.l(__rtentry2.o)
    0x0800020e   0x00000004   Code   RO         2223    .ARM.Collect$$rtentry$$0000000A  c_w.l(__rtentry2.o)
    0x08000212   0x00000000   Code   RO         2225    .ARM.Collect$$rtentry$$0000000C  c_w.l(__rtentry2.o)
    0x08000212   0x00000008   Code   RO         2226    .ARM.Collect$$rtentry$$0000000D  c_w.l(__rtentry2.o)
    0x0800021a   0x00000002   Code   RO         2247    .ARM.Collect$$rtexit$$00000000  c_w.l(rtexit.o)
    0x0800021c   0x00000000   Code   RO         2295    .ARM.Collect$$rtexit$$00000002  c_w.l(rtexit2.o)
    0x0800021c   0x00000004   Code   RO         2296    .ARM.Collect$$rtexit$$00000003  c_w.l(rtexit2.o)
    0x08000220   0x00000006   Code   RO         2297    .ARM.Collect$$rtexit$$00000004  c_w.l(rtexit2.o)
    0x08000226   0x00000002   PAD
    0x08000228   0x00000040   Code   RO          368    .text               startup_stm32f40_41xxx.o
    0x08000268   0x00000006   Code   RO         2214    .text               c_w.l(heapauxi.o)
    0x0800026e   0x0000004a   Code   RO         2234    .text               c_w.l(sys_stackheap_outer.o)
    0x080002b8   0x00000012   Code   RO         2236    .text               c_w.l(exit.o)
    0x080002ca   0x00000002   PAD
    0x080002cc   0x00000008   Code   RO         2244    .text               c_w.l(libspace.o)
    0x080002d4   0x0000000c   Code   RO         2305    .text               c_w.l(sys_exit.o)
    0x080002e0   0x00000002   Code   RO         2316    .text               c_w.l(use_no_semi.o)
    0x080002e2   0x00000000   Code   RO         2318    .text               c_w.l(indicate_semi.o)
    0x080002e2   0x00000002   PAD
    0x080002e4   0x0000004c   Code   RO         1774    i.AT24C02_GPIO_Init  at24c02.o
    0x08000330   0x00000058   Code   RO         1775    i.AT24C02_IIC_Ack   at24c02.o
    0x08000388   0x0000004c   Code   RO         1776    i.AT24C02_IIC_NAck  at24c02.o
    0x080003d4   0x00000058   Code   RO         1777    i.AT24C02_IIC_Start  at24c02.o
    0x0800042c   0x00000058   Code   RO         1778    i.AT24C02_IIC_Stop  at24c02.o
    0x08000484   0x0000006c   Code   RO         1779    i.AT24C02_IIC_Wait_Ack  at24c02.o
    0x080004f0   0x00000008   Code   RO         1780    i.AT24C02_Init      at24c02.o
    0x080004f8   0x0000003a   Code   RO         1782    i.AT24C02_ReadOneByte  at24c02.o
    0x08000532   0x00000002   PAD
    0x08000534   0x00000070   Code   RO         1783    i.AT24C02_Read_Byte  at24c02.o
    0x080005a4   0x00000074   Code   RO         1784    i.AT24C02_Send_Byte  at24c02.o
    0x08000618   0x00000040   Code   RO         1786    i.AT24C02_WriteOneByte  at24c02.o
    0x08000658   0x00000004   Code   RO          169    i.BusFault_Handler  stm32f4xx_it.o
    0x0800065c   0x00000060   Code   RO            3    i.CheckFlag         main.o
    0x080006bc   0x00000028   Code   RO          970    i.DAC_Cmd           stm32f4xx_dac.o
    0x080006e4   0x0000002c   Code   RO          971    i.DAC_DMACmd        stm32f4xx_dac.o
    0x08000710   0x000000a4   Code   RO         2153    i.DAC_DMA_Configuration  dac.o
    0x080007b4   0x00000034   Code   RO          978    i.DAC_Init          stm32f4xx_dac.o
    0x080007e8   0x00000016   Code   RO         1086    i.DMA_Cmd           stm32f4xx_dma.o
    0x080007fe   0x00000002   PAD
    0x08000800   0x00000158   Code   RO         1087    i.DMA_DeInit        stm32f4xx_dma.o
    0x08000958   0x00000058   Code   RO         1098    i.DMA_Init          stm32f4xx_dma.o
    0x080009b0   0x00000002   Code   RO          170    i.DebugMon_Handler  stm32f4xx_it.o
    0x080009b2   0x0000001a   Code   RO         2081    i.Delays            gpio_init.o
    0x080009cc   0x00000058   Code   RO         2082    i.EXTI0_IRQHandler  gpio_init.o
    0x08000a24   0x00000058   Code   RO         2083    i.EXTI1_IRQHandler  gpio_init.o
    0x08000a7c   0x00000070   Code   RO         2084    i.EXTI2_IRQHandler  gpio_init.o
    0x08000aec   0x00000098   Code   RO         2085    i.EXTI3_IRQHandler  gpio_init.o
    0x08000b84   0x00000098   Code   RO         2086    i.EXTI4_IRQHandler  gpio_init.o
    0x08000c1c   0x00000098   Code   RO         2087    i.EXTI9_5_IRQHandler  gpio_init.o
    0x08000cb4   0x0000000c   Code   RO          907    i.EXTI_ClearITPendingBit  stm32f4xx_exti.o
    0x08000cc0   0x00000018   Code   RO          911    i.EXTI_GetITStatus  stm32f4xx_exti.o
    0x08000cd8   0x00000094   Code   RO          912    i.EXTI_Init         stm32f4xx_exti.o
    0x08000d6c   0x00000028   Code   RO         2154    i.GPIO_Configuration  dac.o
    0x08000d94   0x00000090   Code   RO          419    i.GPIO_Init         stm32f4xx_gpio.o
    0x08000e24   0x00000046   Code   RO          420    i.GPIO_PinAFConfig  stm32f4xx_gpio.o
    0x08000e6a   0x00000004   Code   RO          426    i.GPIO_ResetBits    stm32f4xx_gpio.o
    0x08000e6e   0x00000004   Code   RO          427    i.GPIO_SetBits      stm32f4xx_gpio.o
    0x08000e72   0x00000002   PAD
    0x08000e74   0x000002f8   Code   RO         2088    i.Gpio_Init         gpio_init.o
    0x0800116c   0x00000004   Code   RO          171    i.HardFault_Handler  stm32f4xx_it.o
    0x08001170   0x00000264   Code   RO         1876    i.LCD_Display       lcd.o
    0x080013d4   0x0000003a   Code   RO         1877    i.LCD_Fill          lcd.o
    0x0800140e   0x00000002   PAD
    0x08001410   0x00000104   Code   RO         1878    i.LCD_Init          lcd.o
    0x08001514   0x00000028   Code   RO         1880    i.LCD_Set_Pos       lcd.o
    0x0800153c   0x0000013c   Code   RO         1881    i.LCD_ShowADNum     lcd.o
    0x08001678   0x000000e4   Code   RO         1883    i.LCD_ShowSine_Amp  lcd.o
    0x0800175c   0x000000e4   Code   RO         1884    i.LCD_ShowSine_Fre  lcd.o
    0x08001840   0x00000140   Code   RO         1885    i.LCD_ShowSqua_Fre  lcd.o
    0x08001980   0x0000007c   Code   RO         1886    i.LCD_ShowSwitch_Flag  lcd.o
    0x080019fc   0x00000084   Code   RO         1888    i.LCD_WrCmd         lcd.o
    0x08001a80   0x00000084   Code   RO         1889    i.LCD_WrDat         lcd.o
    0x08001b04   0x00000004   Code   RO          172    i.MemManage_Handler  stm32f4xx_it.o
    0x08001b08   0x00000002   Code   RO          173    i.NMI_Handler       stm32f4xx_it.o
    0x08001b0a   0x00000002   PAD
    0x08001b0c   0x00000078   Code   RO          374    i.NVIC_Init         misc.o
    0x08001b84   0x00000002   Code   RO          174    i.PendSV_Handler    stm32f4xx_it.o
    0x08001b86   0x00000002   PAD
    0x08001b88   0x00000020   Code   RO          516    i.RCC_AHB1PeriphClockCmd  stm32f4xx_rcc.o
    0x08001ba8   0x00000020   Code   RO          525    i.RCC_APB1PeriphClockCmd  stm32f4xx_rcc.o
    0x08001bc8   0x00000020   Code   RO          528    i.RCC_APB2PeriphClockCmd  stm32f4xx_rcc.o
    0x08001be8   0x00000002   Code   RO          175    i.SVC_Handler       stm32f4xx_it.o
    0x08001bea   0x00000002   PAD
    0x08001bec   0x00000040   Code   RO          853    i.SYSCFG_EXTILineConfig  stm32f4xx_syscfg.o
    0x08001c2c   0x000000c4   Code   RO         2089    i.SetAD             gpio_init.o
    0x08001cf0   0x00000012   Code   RO         1890    i.SetAddressingMode  lcd.o
    0x08001d02   0x00000012   Code   RO         1891    i.SetContrastControl  lcd.o
    0x08001d14   0x0000000e   Code   RO         1892    i.SetStartLine      lcd.o
    0x08001d22   0x00000002   PAD
    0x08001d24   0x000000ec   Code   RO          266    i.SetSysClock       system_stm32f4xx.o
    0x08001e10   0x00000014   Code   RO         1893    i.Set_Charge_Pump   lcd.o
    0x08001e24   0x00000014   Code   RO         1894    i.Set_Common_Config  lcd.o
    0x08001e38   0x0000000e   Code   RO         1895    i.Set_Common_Remap  lcd.o
    0x08001e46   0x00000012   Code   RO         1896    i.Set_Display_Clock  lcd.o
    0x08001e58   0x00000012   Code   RO         1897    i.Set_Display_Offset  lcd.o
    0x08001e6a   0x0000000e   Code   RO         1898    i.Set_Display_On_Off  lcd.o
    0x08001e78   0x0000000e   Code   RO         1899    i.Set_Entire_Display  lcd.o
    0x08001e86   0x0000000e   Code   RO         1900    i.Set_Inverse_Display  lcd.o
    0x08001e94   0x00000012   Code   RO         1901    i.Set_Multiplex_Ratio  lcd.o
    0x08001ea6   0x00000012   Code   RO         1902    i.Set_Precharge_Period  lcd.o
    0x08001eb8   0x0000000e   Code   RO         1903    i.Set_Segment_Remap  lcd.o
    0x08001ec6   0x00000012   Code   RO         1904    i.Set_VCOMH         lcd.o
    0x08001ed8   0x0000014c   Code   RO            4    i.StartInit         main.o
    0x08002024   0x00000028   Code   RO          378    i.SysTick_CLKSourceConfig  misc.o
    0x0800204c   0x00000002   Code   RO          176    i.SysTick_Handler   stm32f4xx_it.o
    0x0800204e   0x00000002   PAD
    0x08002050   0x00000068   Code   RO          268    i.SystemInit        system_stm32f4xx.o
    0x080020b8   0x000000b0   Code   RO         2156    i.TIM4_PWM_Init     dac.o
    0x08002168   0x00000034   Code   RO         2157    i.TIM6_Configuration  dac.o
    0x0800219c   0x00000018   Code   RO         1216    i.TIM_ARRPreloadConfig  stm32f4xx_tim.o
    0x080021b4   0x00000018   Code   RO         1228    i.TIM_Cmd           stm32f4xx_tim.o
    0x080021cc   0x000000a0   Code   RO         1267    i.TIM_OC3Init       stm32f4xx_tim.o
    0x0800226c   0x00000012   Code   RO         1270    i.TIM_OC3PreloadConfig  stm32f4xx_tim.o
    0x0800227e   0x00000006   Code   RO         1277    i.TIM_PrescalerConfig  stm32f4xx_tim.o
    0x08002284   0x00000012   Code   RO         1286    i.TIM_SelectOutputTrigger  stm32f4xx_tim.o
    0x08002296   0x00000004   Code   RO         1288    i.TIM_SetAutoreload  stm32f4xx_tim.o
    0x0800229a   0x00000004   Code   RO         1292    i.TIM_SetCompare3   stm32f4xx_tim.o
    0x0800229e   0x00000002   PAD
    0x080022a0   0x00000084   Code   RO         1300    i.TIM_TimeBaseInit  stm32f4xx_tim.o
    0x08002324   0x00000004   Code   RO          177    i.UsageFault_Handler  stm32f4xx_it.o
    0x08002328   0x0000003c   Code   RO          303    i.delay_init        delay.o
    0x08002364   0x00000038   Code   RO          304    i.delay_ms          delay.o
    0x0800239c   0x0000004c   Code   RO          305    i.delay_us          delay.o
    0x080023e8   0x0000004c   Code   RO          306    i.delay_xms         delay.o
    0x08002434   0x00000238   Code   RO            5    i.main              main.o
    0x0800266c   0x00000170   Code   RO         2158    i.sin_Generation    dac.o
    0x080027dc   0x0000000a   Code   RO         2303    x$fpl$fpinit        fz_wm.l(fpinit.o)
    0x080027e6   0x00000228   Data   RO         1906    .constdata          lcd.o
    0x08002a0e   0x00000002   PAD
    0x08002a10   0x00000020   Data   RO         2371    Region$$Table       anon$$obj.o


    Execution Region RW_IRAM1 (Base: 0x20000000, Size: 0x00000e80, Max: 0x00020000, ABSOLUTE)

    Base Addr    Size         Type   Attr      Idx    E Section Name        Object

    0x20000000   0x0000001c   Data   RW            6    .data               main.o
    0x2000001c   0x00000004   Data   RW          307    .data               delay.o
    0x20000020   0x00000800   Zero   RW         2159    .bss                dac.o
    0x20000820   0x00000060   Zero   RW         2245    .bss                c_w.l(libspace.o)
    0x20000880   0x00000200   Zero   RW          366    HEAP                startup_stm32f40_41xxx.o
    0x20000a80   0x00000400   Zero   RW          365    STACK               startup_stm32f40_41xxx.o


==============================================================================

Image component sizes


      Code (inc. data)   RO Data    RW Data    ZI Data      Debug   Object Name

       882        102          0          0          0       6619   at24c02.o
       800         44          0          0       2048       3978   dac.o
       268         16          0          4          0       2435   delay.o
      1726        104          0          0          0       5597   gpio_init.o
      2700        106        552          0          0      17039   lcd.o
       996        132          0         28          0     283014   main.o
       160         14          0          0          0       1490   misc.o
        64         26        392          0       1536        824   startup_stm32f40_41xxx.o
       136         18          0          0          0       2306   stm32f4xx_dac.o
       454         26          0          0          0       3002   stm32f4xx_dma.o
       184         16          0          0          0       2024   stm32f4xx_exti.o
       222          0          0          0          0       2791   stm32f4xx_gpio.o
        26          0          0          0          0       4046   stm32f4xx_it.o
        96         18          0          0          0       1719   stm32f4xx_rcc.o
        64          4          0          0          0        636   stm32f4xx_syscfg.o
       390         38          0          0          0       5859   stm32f4xx_tim.o
       340         32          0          0          0       1473   system_stm32f4xx.o

    ----------------------------------------------------------------------
      9528        696        978         32       3584     344852   Object Totals
         0          0         32          0          0          0   (incl. Generated)
        20          0          2          0          0          0   (incl. Padding)

    ----------------------------------------------------------------------

      Code (inc. data)   RO Data    RW Data    ZI Data      Debug   Library Member Name

         8          0          0          0          0         68   __main.o
         0          0          0          0          0          0   __rtentry.o
        12          0          0          0          0          0   __rtentry2.o
         6          0          0          0          0          0   __rtentry4.o
        52          8          0          0          0          0   __scatter.o
        26          0          0          0          0          0   __scatter_copy.o
        28          0          0          0          0          0   __scatter_zi.o
        18          0          0          0          0         80   exit.o
         6          0          0          0          0        152   heapauxi.o
         0          0          0          0          0          0   indicate_semi.o
         2          0          0          0          0          0   libinit.o
         6          0          0          0          0          0   libinit2.o
         2          0          0          0          0          0   libshutdown.o
         2          0          0          0          0          0   libshutdown2.o
         8          4          0          0         96         68   libspace.o
         2          0          0          0          0          0   rtexit.o
        10          0          0          0          0          0   rtexit2.o
        12          4          0          0          0         68   sys_exit.o
        74          0          0          0          0         80   sys_stackheap_outer.o
         2          0          0          0          0         68   use_no_semi.o
        10          0          0          0          0        116   fpinit.o

    ----------------------------------------------------------------------
       294         16          0          0         96        700   Library Totals
         8          0          0          0          0          0   (incl. Padding)

    ----------------------------------------------------------------------

      Code (inc. data)   RO Data    RW Data    ZI Data      Debug   Library Name

       276         16          0          0         96        584   c_w.l
        10          0          0          0          0        116   fz_wm.l

    ----------------------------------------------------------------------
       294         16          0          0         96        700   Library Totals

    ----------------------------------------------------------------------

==============================================================================


      Code (inc. data)   RO Data    RW Data    ZI Data      Debug   

      9822        712        978         32       3680     336196   Grand Totals
      9822        712        978         32       3680     336196   ELF Image Totals
      9822        712        978         32          0          0   ROM Totals

==============================================================================

    Total RO  Size (Code + RO Data)                10800 (  10.55kB)
    Total RW  Size (RW Data + ZI Data)              3712 (   3.63kB)
    Total ROM Size (Code + RO Data + RW Data)      10832 (  10.58kB)

==============================================================================

